Generating ElevenLabs part 1/3 (187 chars)
Generating ElevenLabs part 2/3 (179 chars)
Generating ElevenLabs part 3/3 (108 chars)
Generated 3 parts
Final audio: C:\Users\Wendy\Documents\Football Channel\Video 025 - Brands and Labels Celebrating the 2026 FIFA World Cup Aerie,\assets\voiceover\elevenlabs\voiceover_elevenlabs_full.mp3
{
  "kind": "youtube#thumbnailSetResponse",
  "etag": "s--s1oG58FBQoPWuYte2TezQZzY",
  "items": [
    {
      "default": {
        "url": "https://i.ytimg.com/vi/706jhMz19RA/default.jpg",
        "width": 120,
        "height": 90
      },
      "medium": {
        "url": "https://i.ytimg.com/vi/706jhMz19RA/mqdefault.jpg",
        "width": 320,
        "height": 180
      },
      "high": {
        "url": "https://i.ytimg.com/vi/706jhMz19RA/hqdefault.jpg",
        "width": 480,
        "height": 360
      },
      "standard": {
        "url": "https://i.ytimg.com/vi/706jhMz19RA/sddefault.jpg",
        "width": 640,
        "height": 480
      },
      "maxres": {
        "url": "https://i.ytimg.com/vi/706jhMz19RA/maxresdefault.jpg",
        "width": 1280,
        "height": 720
      }
    }
  ]
}
{
  "project": "C:\\Users\\Wendy\\Documents\\Football Channel\\Video 025 - Brands and Labels Celebrating the 2026 FIFA World Cup Aerie,",
  "title": "Brands and Labels Celebrating the 2026 FIFA World Cup: Aerie, Guinness",
  "final_video": "C:\\Users\\Wendy\\Documents\\Football Channel\\Video 025 - Brands and Labels Celebrating the 2026 FIFA World Cup Aerie,\\final video\\capcut export\\brands-and-labels-celebrating-the-2026-fifa-world-cup-aerie-guinness.mp4",
  "video_id": "706jhMz19RA",
  "url": "",
  "thumbnail": "C:\\Users\\Wendy\\Documents\\Football Channel\\Video 025 - Brands and Labels Celebrating the 2026 FIFA World Cup Aerie,\\assets\\thumbnail\\thumbnail_primary.png"
}
