Generating ElevenLabs part 1/3 (187 chars)
Generating ElevenLabs part 2/3 (179 chars)
Generating ElevenLabs part 3/3 (108 chars)
Generated 3 parts
Final audio: C:\Users\Wendy\Documents\Football Channel\Video 024 - Brands and Labels Celebrating the 2026 FIFA World Cup Aerie,\assets\voiceover\elevenlabs\voiceover_elevenlabs_full.mp3
{
  "kind": "youtube#thumbnailSetResponse",
  "etag": "lgBQaOBcqhnCm5PzKwB-btPNQP8",
  "items": [
    {
      "default": {
        "url": "https://i.ytimg.com/vi/9P58Zn_lYzQ/default.jpg",
        "width": 120,
        "height": 90
      },
      "medium": {
        "url": "https://i.ytimg.com/vi/9P58Zn_lYzQ/mqdefault.jpg",
        "width": 320,
        "height": 180
      },
      "high": {
        "url": "https://i.ytimg.com/vi/9P58Zn_lYzQ/hqdefault.jpg",
        "width": 480,
        "height": 360
      }
    }
  ]
}
{
  "project": "C:\\Users\\Wendy\\Documents\\Football Channel\\Video 024 - Brands and Labels Celebrating the 2026 FIFA World Cup Aerie,",
  "title": "Brands and Labels Celebrating the 2026 FIFA World Cup: Aerie, Guinness",
  "final_video": "C:\\Users\\Wendy\\Documents\\Football Channel\\Video 024 - Brands and Labels Celebrating the 2026 FIFA World Cup Aerie,\\final video\\capcut export\\brands-and-labels-celebrating-the-2026-fifa-world-cup-aerie-guinness.mp4",
  "video_id": "9P58Zn_lYzQ",
  "url": "",
  "thumbnail": "C:\\Users\\Wendy\\Documents\\Football Channel\\Video 024 - Brands and Labels Celebrating the 2026 FIFA World Cup Aerie,\\assets\\thumbnail\\thumbnail_primary.png"
}
