ffmpeg version 7.1-essentials_build-www.gyan.dev Copyright (c) 2000-2024 the FFmpeg developers
  built with gcc 14.2.0 (Rev1, Built by MSYS2 project)
  configuration: --enable-gpl --enable-version3 --enable-static --disable-w32threads --disable-autodetect --enable-fontconfig --enable-iconv --enable-gnutls --enable-libxml2 --enable-gmp --enable-bzlib --enable-lzma --enable-zlib --enable-libsrt --enable-libssh --enable-libzmq --enable-avisynth --enable-sdl2 --enable-libwebp --enable-libx264 --enable-libx265 --enable-libxvid --enable-libaom --enable-libopenjpeg --enable-libvpx --enable-mediafoundation --enable-libass --enable-libfreetype --enable-libfribidi --enable-libharfbuzz --enable-libvidstab --enable-libvmaf --enable-libzimg --enable-amf --enable-cuda-llvm --enable-cuvid --enable-dxva2 --enable-d3d11va --enable-d3d12va --enable-ffnvcodec --enable-libvpl --enable-nvdec --enable-nvenc --enable-vaapi --enable-libgme --enable-libopenmpt --enable-libopencore-amrwb --enable-libmp3lame --enable-libtheora --enable-libvo-amrwbenc --enable-libgsm --enable-libopencore-amrnb --enable-libopus --enable-libspeex --enable-libvorbis --enable-librubberband
  libavutil      59. 39.100 / 59. 39.100
  libavcodec     61. 19.100 / 61. 19.100
  libavformat    61.  7.100 / 61.  7.100
  libavdevice    61.  3.100 / 61.  3.100
  libavfilter    10.  4.100 / 10.  4.100
  libswscale      8.  3.100 /  8.  3.100
  libswresample   5.  3.100 /  5.  3.100
  libpostproc    58.  3.100 / 58.  3.100
Input #0, concat, from 'C:\Users\Wendy\Documents\Football Channel\Video 024 - Brands and Labels Celebrating the 2026 FIFA World Cup Aerie,\assets\voiceover\elevenlabs\concat_list.txt':
  Duration: N/A, start: -0.025057, bitrate: 128 kb/s
  Stream #0:0: Audio: mp3 (mp3float), 44100 Hz, mono, fltp, 128 kb/s
Stream mapping:
  Stream #0:0 -> #0:0 (copy)
Output #0, mp3, to 'C:\Users\Wendy\Documents\Football Channel\Video 024 - Brands and Labels Celebrating the 2026 FIFA World Cup Aerie,\assets\voiceover\elevenlabs\voiceover_elevenlabs_full.mp3':
  Metadata:
    TSSE            : Lavf61.7.100
  Stream #0:0: Audio: mp3, 44100 Hz, mono, fltp, 128 kb/s
Press [q] to stop, [?] for help
[out#0/mp3 @ 000002570c822100] video:0KiB audio:416KiB subtitle:0KiB other streams:0KiB global headers:0KiB muxing overhead: 0.108135%
size=     417KiB time=00:00:26.64 bitrate= 128.1kbits/s speed=1.63e+03x    
ffmpeg version 7.1-essentials_build-www.gyan.dev Copyright (c) 2000-2024 the FFmpeg developers
  built with gcc 14.2.0 (Rev1, Built by MSYS2 project)
  configuration: --enable-gpl --enable-version3 --enable-static --disable-w32threads --disable-autodetect --enable-fontconfig --enable-iconv --enable-gnutls --enable-libxml2 --enable-gmp --enable-bzlib --enable-lzma --enable-zlib --enable-libsrt --enable-libssh --enable-libzmq --enable-avisynth --enable-sdl2 --enable-libwebp --enable-libx264 --enable-libx265 --enable-libxvid --enable-libaom --enable-libopenjpeg --enable-libvpx --enable-mediafoundation --enable-libass --enable-libfreetype --enable-libfribidi --enable-libharfbuzz --enable-libvidstab --enable-libvmaf --enable-libzimg --enable-amf --enable-cuda-llvm --enable-cuvid --enable-dxva2 --enable-d3d11va --enable-d3d12va --enable-ffnvcodec --enable-libvpl --enable-nvdec --enable-nvenc --enable-vaapi --enable-libgme --enable-libopenmpt --enable-libopencore-amrwb --enable-libmp3lame --enable-libtheora --enable-libvo-amrwbenc --enable-libgsm --enable-libopencore-amrnb --enable-libopus --enable-libspeex --enable-libvorbis --enable-librubberband
  libavutil      59. 39.100 / 59. 39.100
  libavcodec     61. 19.100 / 61. 19.100
  libavformat    61.  7.100 / 61.  7.100
  libavdevice    61.  3.100 / 61.  3.100
  libavfilter    10.  4.100 / 10.  4.100
  libswscale      8.  3.100 /  8.  3.100
  libswresample   5.  3.100 /  5.  3.100
  libpostproc    58.  3.100 / 58.  3.100
Input #0, mp3, from 'C:\Users\Wendy\Documents\Football Channel\Video 024 - Brands and Labels Celebrating the 2026 FIFA World Cup Aerie,\assets\voiceover\elevenlabs\elevenlabs_part_01.mp3':
  Metadata:
    encoder         : Lavf60.16.100
  Duration: 00:00:11.39, start: 0.025057, bitrate: 128 kb/s
  Stream #0:0: Audio: mp3 (mp3float), 44100 Hz, mono, fltp, 128 kb/s
Stream mapping:
  Stream #0:0 -> #0:0 (mp3 (mp3float) -> mp3 (libmp3lame))
Press [q] to stop, [?] for help
Output #0, mp3, to 'C:\Users\Wendy\Documents\Football Channel\Video 024 - Brands and Labels Celebrating the 2026 FIFA World Cup Aerie,\assets\voiceover\elevenlabs_1p2x\elevenlabs_part_01.mp3':
  Metadata:
    TSSE            : Lavf61.7.100
  Stream #0:0: Audio: mp3, 44100 Hz, mono, fltp
      Metadata:
        encoder         : Lavc61.19.100 libmp3lame
[out#0/mp3 @ 00000262a0442b40] video:0KiB audio:117KiB subtitle:0KiB other streams:0KiB global headers:0KiB muxing overhead: 0.188779%
size=     117KiB time=00:00:09.47 bitrate= 101.3kbits/s speed=73.9x    
ffmpeg version 7.1-essentials_build-www.gyan.dev Copyright (c) 2000-2024 the FFmpeg developers
  built with gcc 14.2.0 (Rev1, Built by MSYS2 project)
  configuration: --enable-gpl --enable-version3 --enable-static --disable-w32threads --disable-autodetect --enable-fontconfig --enable-iconv --enable-gnutls --enable-libxml2 --enable-gmp --enable-bzlib --enable-lzma --enable-zlib --enable-libsrt --enable-libssh --enable-libzmq --enable-avisynth --enable-sdl2 --enable-libwebp --enable-libx264 --enable-libx265 --enable-libxvid --enable-libaom --enable-libopenjpeg --enable-libvpx --enable-mediafoundation --enable-libass --enable-libfreetype --enable-libfribidi --enable-libharfbuzz --enable-libvidstab --enable-libvmaf --enable-libzimg --enable-amf --enable-cuda-llvm --enable-cuvid --enable-dxva2 --enable-d3d11va --enable-d3d12va --enable-ffnvcodec --enable-libvpl --enable-nvdec --enable-nvenc --enable-vaapi --enable-libgme --enable-libopenmpt --enable-libopencore-amrwb --enable-libmp3lame --enable-libtheora --enable-libvo-amrwbenc --enable-libgsm --enable-libopencore-amrnb --enable-libopus --enable-libspeex --enable-libvorbis --enable-librubberband
  libavutil      59. 39.100 / 59. 39.100
  libavcodec     61. 19.100 / 61. 19.100
  libavformat    61.  7.100 / 61.  7.100
  libavdevice    61.  3.100 / 61.  3.100
  libavfilter    10.  4.100 / 10.  4.100
  libswscale      8.  3.100 /  8.  3.100
  libswresample   5.  3.100 /  5.  3.100
  libpostproc    58.  3.100 / 58.  3.100
Input #0, mp3, from 'C:\Users\Wendy\Documents\Football Channel\Video 024 - Brands and Labels Celebrating the 2026 FIFA World Cup Aerie,\assets\voiceover\elevenlabs\elevenlabs_part_02.mp3':
  Metadata:
    encoder         : Lavf60.16.100
  Duration: 00:00:10.11, start: 0.025057, bitrate: 128 kb/s
  Stream #0:0: Audio: mp3 (mp3float), 44100 Hz, mono, fltp, 128 kb/s
Stream mapping:
  Stream #0:0 -> #0:0 (mp3 (mp3float) -> mp3 (libmp3lame))
Press [q] to stop, [?] for help
Output #0, mp3, to 'C:\Users\Wendy\Documents\Football Channel\Video 024 - Brands and Labels Celebrating the 2026 FIFA World Cup Aerie,\assets\voiceover\elevenlabs_1p2x\elevenlabs_part_02.mp3':
  Metadata:
    TSSE            : Lavf61.7.100
  Stream #0:0: Audio: mp3, 44100 Hz, mono, fltp
      Metadata:
        encoder         : Lavc61.19.100 libmp3lame
[out#0/mp3 @ 00000260ee8f2b40] video:0KiB audio:102KiB subtitle:0KiB other streams:0KiB global headers:0KiB muxing overhead: 0.217155%
size=     102KiB time=00:00:08.41 bitrate=  99.2kbits/s speed=84.5x    
ffmpeg version 7.1-essentials_build-www.gyan.dev Copyright (c) 2000-2024 the FFmpeg developers
  built with gcc 14.2.0 (Rev1, Built by MSYS2 project)
  configuration: --enable-gpl --enable-version3 --enable-static --disable-w32threads --disable-autodetect --enable-fontconfig --enable-iconv --enable-gnutls --enable-libxml2 --enable-gmp --enable-bzlib --enable-lzma --enable-zlib --enable-libsrt --enable-libssh --enable-libzmq --enable-avisynth --enable-sdl2 --enable-libwebp --enable-libx264 --enable-libx265 --enable-libxvid --enable-libaom --enable-libopenjpeg --enable-libvpx --enable-mediafoundation --enable-libass --enable-libfreetype --enable-libfribidi --enable-libharfbuzz --enable-libvidstab --enable-libvmaf --enable-libzimg --enable-amf --enable-cuda-llvm --enable-cuvid --enable-dxva2 --enable-d3d11va --enable-d3d12va --enable-ffnvcodec --enable-libvpl --enable-nvdec --enable-nvenc --enable-vaapi --enable-libgme --enable-libopenmpt --enable-libopencore-amrwb --enable-libmp3lame --enable-libtheora --enable-libvo-amrwbenc --enable-libgsm --enable-libopencore-amrnb --enable-libopus --enable-libspeex --enable-libvorbis --enable-librubberband
  libavutil      59. 39.100 / 59. 39.100
  libavcodec     61. 19.100 / 61. 19.100
  libavformat    61.  7.100 / 61.  7.100
  libavdevice    61.  3.100 / 61.  3.100
  libavfilter    10.  4.100 / 10.  4.100
  libswscale      8.  3.100 /  8.  3.100
  libswresample   5.  3.100 /  5.  3.100
  libpostproc    58.  3.100 / 58.  3.100
Input #0, mp3, from 'C:\Users\Wendy\Documents\Football Channel\Video 024 - Brands and Labels Celebrating the 2026 FIFA World Cup Aerie,\assets\voiceover\elevenlabs\elevenlabs_part_03.mp3':
  Metadata:
    encoder         : Lavf60.16.100
  Duration: 00:00:05.15, start: 0.025057, bitrate: 128 kb/s
  Stream #0:0: Audio: mp3 (mp3float), 44100 Hz, mono, fltp, 128 kb/s
Stream mapping:
  Stream #0:0 -> #0:0 (mp3 (mp3float) -> mp3 (libmp3lame))
Press [q] to stop, [?] for help
Output #0, mp3, to 'C:\Users\Wendy\Documents\Football Channel\Video 024 - Brands and Labels Celebrating the 2026 FIFA World Cup Aerie,\assets\voiceover\elevenlabs_1p2x\elevenlabs_part_03.mp3':
  Metadata:
    TSSE            : Lavf61.7.100
  Stream #0:0: Audio: mp3, 44100 Hz, mono, fltp
      Metadata:
        encoder         : Lavc61.19.100 libmp3lame
[out#0/mp3 @ 000002069dfa2b40] video:0KiB audio:51KiB subtitle:0KiB other streams:0KiB global headers:0KiB muxing overhead: 0.433224%
size=      51KiB time=00:00:04.27 bitrate=  98.0kbits/s speed=75.6x    
ffmpeg version 7.1-essentials_build-www.gyan.dev Copyright (c) 2000-2024 the FFmpeg developers
  built with gcc 14.2.0 (Rev1, Built by MSYS2 project)
  configuration: --enable-gpl --enable-version3 --enable-static --disable-w32threads --disable-autodetect --enable-fontconfig --enable-iconv --enable-gnutls --enable-libxml2 --enable-gmp --enable-bzlib --enable-lzma --enable-zlib --enable-libsrt --enable-libssh --enable-libzmq --enable-avisynth --enable-sdl2 --enable-libwebp --enable-libx264 --enable-libx265 --enable-libxvid --enable-libaom --enable-libopenjpeg --enable-libvpx --enable-mediafoundation --enable-libass --enable-libfreetype --enable-libfribidi --enable-libharfbuzz --enable-libvidstab --enable-libvmaf --enable-libzimg --enable-amf --enable-cuda-llvm --enable-cuvid --enable-dxva2 --enable-d3d11va --enable-d3d12va --enable-ffnvcodec --enable-libvpl --enable-nvdec --enable-nvenc --enable-vaapi --enable-libgme --enable-libopenmpt --enable-libopencore-amrwb --enable-libmp3lame --enable-libtheora --enable-libvo-amrwbenc --enable-libgsm --enable-libopencore-amrnb --enable-libopus --enable-libspeex --enable-libvorbis --enable-librubberband
  libavutil      59. 39.100 / 59. 39.100
  libavcodec     61. 19.100 / 61. 19.100
  libavformat    61.  7.100 / 61.  7.100
  libavdevice    61.  3.100 / 61.  3.100
  libavfilter    10.  4.100 / 10.  4.100
  libswscale      8.  3.100 /  8.  3.100
  libswresample   5.  3.100 /  5.  3.100
  libpostproc    58.  3.100 / 58.  3.100
Input #0, mp3, from 'C:\Users\Wendy\Documents\Football Channel\Video 024 - Brands and Labels Celebrating the 2026 FIFA World Cup Aerie,\assets\voiceover\elevenlabs\voiceover_elevenlabs_full.mp3':
  Metadata:
    encoder         : Lavf61.7.100
  Duration: 00:00:26.64, start: 0.025057, bitrate: 128 kb/s
  Stream #0:0: Audio: mp3 (mp3float), 44100 Hz, mono, fltp, 128 kb/s
Stream mapping:
  Stream #0:0 -> #0:0 (mp3 (mp3float) -> mp3 (libmp3lame))
Press [q] to stop, [?] for help
Output #0, mp3, to 'C:\Users\Wendy\Documents\Football Channel\Video 024 - Brands and Labels Celebrating the 2026 FIFA World Cup Aerie,\assets\voiceover\elevenlabs_1p2x\voiceover_elevenlabs_full_1p2x.mp3':
  Metadata:
    TSSE            : Lavf61.7.100
  Stream #0:0: Audio: mp3, 44100 Hz, mono, fltp
      Metadata:
        encoder         : Lavc61.19.100 libmp3lame
[out#0/mp3 @ 0000022bf9d42b80] video:0KiB audio:270KiB subtitle:0KiB other streams:0KiB global headers:0KiB muxing overhead: 0.081835%
size=     270KiB time=00:00:22.19 bitrate=  99.6kbits/s speed=94.9x    
ffmpeg version 7.1-essentials_build-www.gyan.dev Copyright (c) 2000-2024 the FFmpeg developers
  built with gcc 14.2.0 (Rev1, Built by MSYS2 project)
  configuration: --enable-gpl --enable-version3 --enable-static --disable-w32threads --disable-autodetect --enable-fontconfig --enable-iconv --enable-gnutls --enable-libxml2 --enable-gmp --enable-bzlib --enable-lzma --enable-zlib --enable-libsrt --enable-libssh --enable-libzmq --enable-avisynth --enable-sdl2 --enable-libwebp --enable-libx264 --enable-libx265 --enable-libxvid --enable-libaom --enable-libopenjpeg --enable-libvpx --enable-mediafoundation --enable-libass --enable-libfreetype --enable-libfribidi --enable-libharfbuzz --enable-libvidstab --enable-libvmaf --enable-libzimg --enable-amf --enable-cuda-llvm --enable-cuvid --enable-dxva2 --enable-d3d11va --enable-d3d12va --enable-ffnvcodec --enable-libvpl --enable-nvdec --enable-nvenc --enable-vaapi --enable-libgme --enable-libopenmpt --enable-libopencore-amrwb --enable-libmp3lame --enable-libtheora --enable-libvo-amrwbenc --enable-libgsm --enable-libopencore-amrnb --enable-libopus --enable-libspeex --enable-libvorbis --enable-librubberband
  libavutil      59. 39.100 / 59. 39.100
  libavcodec     61. 19.100 / 61. 19.100
  libavformat    61.  7.100 / 61.  7.100
  libavdevice    61.  3.100 / 61.  3.100
  libavfilter    10.  4.100 / 10.  4.100
  libswscale      8.  3.100 /  8.  3.100
  libswresample   5.  3.100 /  5.  3.100
  libpostproc    58.  3.100 / 58.  3.100
Input #0, png_pipe, from 'C:\Users\Wendy\Documents\Football Channel\Video 024 - Brands and Labels Celebrating the 2026 FIFA World Cup Aerie,\_tmp\placeholder_1.png':
  Duration: N/A, bitrate: N/A
  Stream #0:0: Video: png, rgb24(pc, gbr/unknown/unknown), 1080x1920, 25 fps, 25 tbr, 25 tbn
Input #1, lavfi, from 'anullsrc=channel_layout=stereo:sample_rate=44100':
  Duration: N/A, start: 0.000000, bitrate: 705 kb/s
  Stream #1:0: Audio: pcm_u8, 44100 Hz, stereo, u8, 705 kb/s
Stream mapping:
  Stream #0:0 -> #0:0 (png (native) -> h264 (libx264))
  Stream #1:0 -> #0:1 (pcm_u8 (native) -> aac (native))
Press [q] to stop, [?] for help
[libx264 @ 00000252fef75540] using SAR=1/1
[libx264 @ 00000252fef75540] using cpu capabilities: MMX2 SSE2Fast SSSE3 SSE4.2 AVX FMA3 BMI2 AVX2
[libx264 @ 00000252fef75540] profile High, level 4.0, 4:2:0, 8-bit
[libx264 @ 00000252fef75540] 264 - core 164 r3192 c24e06c - H.264/MPEG-4 AVC codec - Copyleft 2003-2024 - http://www.videolan.org/x264.html - options: cabac=1 ref=1 deblock=1:0:0 analyse=0x3:0x113 me=hex subme=2 psy=1 psy_rd=1.00:0.00 mixed_ref=0 me_range=16 chroma_me=1 trellis=0 8x8dct=1 cqm=0 deadzone=21,11 fast_pskip=1 chroma_qp_offset=0 threads=12 lookahead_threads=4 sliced_threads=0 nr=0 decimate=1 interlaced=0 bluray_compat=0 constrained_intra=0 bframes=3 b_pyramid=2 b_adapt=1 b_bias=0 direct=1 weightb=1 open_gop=0 weightp=1 keyint=250 keyint_min=25 scenecut=40 intra_refresh=0 rc_lookahead=10 rc=crf mbtree=1 crf=20.0 qcomp=0.60 qpmin=0 qpmax=69 qpstep=4 ip_ratio=1.40 aq=1:1.00
Output #0, mp4, to 'C:\Users\Wendy\Documents\Football Channel\Video 024 - Brands and Labels Celebrating the 2026 FIFA World Cup Aerie,\_tmp\section_1_still_01.mp4':
  Metadata:
    encoder         : Lavf61.7.100
  Stream #0:0: Video: h264 (avc1 / 0x31637661), yuv420p(tv, progressive), 1080x1920 [SAR 1:1 DAR 9:16], q=2-31, 30 fps, 15360 tbn
      Metadata:
        encoder         : Lavc61.19.100 libx264
      Side data:
        cpb: bitrate max/min/avg: 0/0/0 buffer size: 0 vbv_delay: N/A
  Stream #0:1: Audio: aac (LC) (mp4a / 0x6134706D), 44100 Hz, stereo, fltp, 128 kb/s
      Metadata:
        encoder         : Lavc61.19.100 aac
frame=   23 fps=0.0 q=26.0 size=       0KiB time=00:00:00.70 bitrate=   0.5kbits/s dup=10 drop=0 speed=1.36x    [mp4 @ 00000252fef65d40] Starting second pass: moving the moov atom to the beginning of the file
[out#0/mp4 @ 00000252fef65900] video:14KiB audio:1KiB subtitle:0KiB other streams:0KiB global headers:0KiB muxing overhead: 30.761661%
frame=   90 fps=0.0 q=-1.0 Lsize=      19KiB time=00:00:02.93 bitrate=  54.4kbits/s dup=15 drop=0 speed=3.21x    
[libx264 @ 00000252fef75540] frame I:1     Avg QP: 7.47  size:  7446
[libx264 @ 00000252fef75540] frame P:23    Avg QP:11.80  size:    79
[libx264 @ 00000252fef75540] frame B:66    Avg QP:14.33  size:    68
[libx264 @ 00000252fef75540] consecutive B-frames:  2.2%  0.0%  0.0% 97.8%
[libx264 @ 00000252fef75540] mb I  I16..4: 97.7%  0.0%  2.3%
[libx264 @ 00000252fef75540] mb P  I16..4:  0.0%  0.0%  0.0%  P16..4:  0.0%  0.0%  0.0%  0.0%  0.0%    skip:100.0%
[libx264 @ 00000252fef75540] mb B  I16..4:  0.0%  0.0%  0.0%  B16..8:  0.0%  0.0%  0.0%  direct: 0.0%  skip:100.0%  L0: 0.0% L1:100.0% BI: 0.0%
[libx264 @ 00000252fef75540] 8x8 transform intra:0.0% inter:0.0%
[libx264 @ 00000252fef75540] coded y,uvDC,uvAC intra: 1.5% 1.2% 0.6% inter: 0.0% 0.0% 0.0%
[libx264 @ 00000252fef75540] i16 v,h,dc,p: 99%  0%  1%  0%
[libx264 @ 00000252fef75540] i4 v,h,dc,ddl,ddr,vr,hd,vl,hu: 44% 19% 17%  3%  3%  5%  3%  3%  3%
[libx264 @ 00000252fef75540] i8c dc,h,v,p: 95%  2%  4%  0%
[libx264 @ 00000252fef75540] Weighted P-Frames: Y:0.0% UV:0.0%
[libx264 @ 00000252fef75540] kb/s:36.67
[aac @ 00000252ff8a8800] Qavg: 65536.000
ffmpeg version 7.1-essentials_build-www.gyan.dev Copyright (c) 2000-2024 the FFmpeg developers
  built with gcc 14.2.0 (Rev1, Built by MSYS2 project)
  configuration: --enable-gpl --enable-version3 --enable-static --disable-w32threads --disable-autodetect --enable-fontconfig --enable-iconv --enable-gnutls --enable-libxml2 --enable-gmp --enable-bzlib --enable-lzma --enable-zlib --enable-libsrt --enable-libssh --enable-libzmq --enable-avisynth --enable-sdl2 --enable-libwebp --enable-libx264 --enable-libx265 --enable-libxvid --enable-libaom --enable-libopenjpeg --enable-libvpx --enable-mediafoundation --enable-libass --enable-libfreetype --enable-libfribidi --enable-libharfbuzz --enable-libvidstab --enable-libvmaf --enable-libzimg --enable-amf --enable-cuda-llvm --enable-cuvid --enable-dxva2 --enable-d3d11va --enable-d3d12va --enable-ffnvcodec --enable-libvpl --enable-nvdec --enable-nvenc --enable-vaapi --enable-libgme --enable-libopenmpt --enable-libopencore-amrwb --enable-libmp3lame --enable-libtheora --enable-libvo-amrwbenc --enable-libgsm --enable-libopencore-amrnb --enable-libopus --enable-libspeex --enable-libvorbis --enable-librubberband
  libavutil      59. 39.100 / 59. 39.100
  libavcodec     61. 19.100 / 61. 19.100
  libavformat    61.  7.100 / 61.  7.100
  libavdevice    61.  3.100 / 61.  3.100
  libavfilter    10.  4.100 / 10.  4.100
  libswscale      8.  3.100 /  8.  3.100
  libswresample   5.  3.100 /  5.  3.100
  libpostproc    58.  3.100 / 58.  3.100
Input #0, png_pipe, from 'C:\Users\Wendy\Documents\Football Channel\Video 024 - Brands and Labels Celebrating the 2026 FIFA World Cup Aerie,\_tmp\placeholder_1.png':
  Duration: N/A, bitrate: N/A
  Stream #0:0: Video: png, rgb24(pc, gbr/unknown/unknown), 1080x1920, 25 fps, 25 tbr, 25 tbn
Input #1, lavfi, from 'anullsrc=channel_layout=stereo:sample_rate=44100':
  Duration: N/A, start: 0.000000, bitrate: 705 kb/s
  Stream #1:0: Audio: pcm_u8, 44100 Hz, stereo, u8, 705 kb/s
Stream mapping:
  Stream #0:0 -> #0:0 (png (native) -> h264 (libx264))
  Stream #1:0 -> #0:1 (pcm_u8 (native) -> aac (native))
Press [q] to stop, [?] for help
[libx264 @ 0000014ecd255540] using SAR=1/1
[libx264 @ 0000014ecd255540] using cpu capabilities: MMX2 SSE2Fast SSSE3 SSE4.2 AVX FMA3 BMI2 AVX2
[libx264 @ 0000014ecd255540] profile High, level 4.0, 4:2:0, 8-bit
[libx264 @ 0000014ecd255540] 264 - core 164 r3192 c24e06c - H.264/MPEG-4 AVC codec - Copyleft 2003-2024 - http://www.videolan.org/x264.html - options: cabac=1 ref=1 deblock=1:0:0 analyse=0x3:0x113 me=hex subme=2 psy=1 psy_rd=1.00:0.00 mixed_ref=0 me_range=16 chroma_me=1 trellis=0 8x8dct=1 cqm=0 deadzone=21,11 fast_pskip=1 chroma_qp_offset=0 threads=12 lookahead_threads=4 sliced_threads=0 nr=0 decimate=1 interlaced=0 bluray_compat=0 constrained_intra=0 bframes=3 b_pyramid=2 b_adapt=1 b_bias=0 direct=1 weightb=1 open_gop=0 weightp=1 keyint=250 keyint_min=25 scenecut=40 intra_refresh=0 rc_lookahead=10 rc=crf mbtree=1 crf=20.0 qcomp=0.60 qpmin=0 qpmax=69 qpstep=4 ip_ratio=1.40 aq=1:1.00
Output #0, mp4, to 'C:\Users\Wendy\Documents\Football Channel\Video 024 - Brands and Labels Celebrating the 2026 FIFA World Cup Aerie,\_tmp\section_1_still_02.mp4':
  Metadata:
    encoder         : Lavf61.7.100
  Stream #0:0: Video: h264 (avc1 / 0x31637661), yuv420p(tv, progressive), 1080x1920 [SAR 1:1 DAR 9:16], q=2-31, 30 fps, 15360 tbn
      Metadata:
        encoder         : Lavc61.19.100 libx264
      Side data:
        cpb: bitrate max/min/avg: 0/0/0 buffer size: 0 vbv_delay: N/A
  Stream #0:1: Audio: aac (LC) (mp4a / 0x6134706D), 44100 Hz, stereo, fltp, 128 kb/s
      Metadata:
        encoder         : Lavc61.19.100 aac
frame=   19 fps=0.0 q=26.0 size=       0KiB time=00:00:00.56 bitrate=   0.7kbits/s dup=9 drop=0 speed=1.12x    [mp4 @ 0000014ecd245d40] Starting second pass: moving the moov atom to the beginning of the file
[out#0/mp4 @ 0000014ecd245900] video:14KiB audio:1KiB subtitle:0KiB other streams:0KiB global headers:0KiB muxing overhead: 30.761661%
frame=   90 fps=0.0 q=-1.0 Lsize=      19KiB time=00:00:02.93 bitrate=  54.4kbits/s dup=15 drop=0 speed=3.14x    
[libx264 @ 0000014ecd255540] frame I:1     Avg QP: 7.47  size:  7446
[libx264 @ 0000014ecd255540] frame P:23    Avg QP:11.80  size:    79
[libx264 @ 0000014ecd255540] frame B:66    Avg QP:14.33  size:    68
[libx264 @ 0000014ecd255540] consecutive B-frames:  2.2%  0.0%  0.0% 97.8%
[libx264 @ 0000014ecd255540] mb I  I16..4: 97.7%  0.0%  2.3%
[libx264 @ 0000014ecd255540] mb P  I16..4:  0.0%  0.0%  0.0%  P16..4:  0.0%  0.0%  0.0%  0.0%  0.0%    skip:100.0%
[libx264 @ 0000014ecd255540] mb B  I16..4:  0.0%  0.0%  0.0%  B16..8:  0.0%  0.0%  0.0%  direct: 0.0%  skip:100.0%  L0: 0.0% L1:100.0% BI: 0.0%
[libx264 @ 0000014ecd255540] 8x8 transform intra:0.0% inter:0.0%
[libx264 @ 0000014ecd255540] coded y,uvDC,uvAC intra: 1.5% 1.2% 0.6% inter: 0.0% 0.0% 0.0%
[libx264 @ 0000014ecd255540] i16 v,h,dc,p: 99%  0%  1%  0%
[libx264 @ 0000014ecd255540] i4 v,h,dc,ddl,ddr,vr,hd,vl,hu: 44% 19% 17%  3%  3%  5%  3%  3%  3%
[libx264 @ 0000014ecd255540] i8c dc,h,v,p: 95%  2%  4%  0%
[libx264 @ 0000014ecd255540] Weighted P-Frames: Y:0.0% UV:0.0%
[libx264 @ 0000014ecd255540] kb/s:36.67
[aac @ 0000014ecdb78900] Qavg: 65536.000
ffmpeg version 7.1-essentials_build-www.gyan.dev Copyright (c) 2000-2024 the FFmpeg developers
  built with gcc 14.2.0 (Rev1, Built by MSYS2 project)
  configuration: --enable-gpl --enable-version3 --enable-static --disable-w32threads --disable-autodetect --enable-fontconfig --enable-iconv --enable-gnutls --enable-libxml2 --enable-gmp --enable-bzlib --enable-lzma --enable-zlib --enable-libsrt --enable-libssh --enable-libzmq --enable-avisynth --enable-sdl2 --enable-libwebp --enable-libx264 --enable-libx265 --enable-libxvid --enable-libaom --enable-libopenjpeg --enable-libvpx --enable-mediafoundation --enable-libass --enable-libfreetype --enable-libfribidi --enable-libharfbuzz --enable-libvidstab --enable-libvmaf --enable-libzimg --enable-amf --enable-cuda-llvm --enable-cuvid --enable-dxva2 --enable-d3d11va --enable-d3d12va --enable-ffnvcodec --enable-libvpl --enable-nvdec --enable-nvenc --enable-vaapi --enable-libgme --enable-libopenmpt --enable-libopencore-amrwb --enable-libmp3lame --enable-libtheora --enable-libvo-amrwbenc --enable-libgsm --enable-libopencore-amrnb --enable-libopus --enable-libspeex --enable-libvorbis --enable-librubberband
  libavutil      59. 39.100 / 59. 39.100
  libavcodec     61. 19.100 / 61. 19.100
  libavformat    61.  7.100 / 61.  7.100
  libavdevice    61.  3.100 / 61.  3.100
  libavfilter    10.  4.100 / 10.  4.100
  libswscale      8.  3.100 /  8.  3.100
  libswresample   5.  3.100 /  5.  3.100
  libpostproc    58.  3.100 / 58.  3.100
Input #0, png_pipe, from 'C:\Users\Wendy\Documents\Football Channel\Video 024 - Brands and Labels Celebrating the 2026 FIFA World Cup Aerie,\_tmp\placeholder_1.png':
  Duration: N/A, bitrate: N/A
  Stream #0:0: Video: png, rgb24(pc, gbr/unknown/unknown), 1080x1920, 25 fps, 25 tbr, 25 tbn
Input #1, lavfi, from 'anullsrc=channel_layout=stereo:sample_rate=44100':
  Duration: N/A, start: 0.000000, bitrate: 705 kb/s
  Stream #1:0: Audio: pcm_u8, 44100 Hz, stereo, u8, 705 kb/s
Stream mapping:
  Stream #0:0 -> #0:0 (png (native) -> h264 (libx264))
  Stream #1:0 -> #0:1 (pcm_u8 (native) -> aac (native))
Press [q] to stop, [?] for help
[libx264 @ 0000014911f25540] using SAR=1/1
[libx264 @ 0000014911f25540] using cpu capabilities: MMX2 SSE2Fast SSSE3 SSE4.2 AVX FMA3 BMI2 AVX2
[libx264 @ 0000014911f25540] profile High, level 4.0, 4:2:0, 8-bit
[libx264 @ 0000014911f25540] 264 - core 164 r3192 c24e06c - H.264/MPEG-4 AVC codec - Copyleft 2003-2024 - http://www.videolan.org/x264.html - options: cabac=1 ref=1 deblock=1:0:0 analyse=0x3:0x113 me=hex subme=2 psy=1 psy_rd=1.00:0.00 mixed_ref=0 me_range=16 chroma_me=1 trellis=0 8x8dct=1 cqm=0 deadzone=21,11 fast_pskip=1 chroma_qp_offset=0 threads=12 lookahead_threads=4 sliced_threads=0 nr=0 decimate=1 interlaced=0 bluray_compat=0 constrained_intra=0 bframes=3 b_pyramid=2 b_adapt=1 b_bias=0 direct=1 weightb=1 open_gop=0 weightp=1 keyint=250 keyint_min=25 scenecut=40 intra_refresh=0 rc_lookahead=10 rc=crf mbtree=1 crf=20.0 qcomp=0.60 qpmin=0 qpmax=69 qpstep=4 ip_ratio=1.40 aq=1:1.00
Output #0, mp4, to 'C:\Users\Wendy\Documents\Football Channel\Video 024 - Brands and Labels Celebrating the 2026 FIFA World Cup Aerie,\_tmp\section_1_still_03.mp4':
  Metadata:
    encoder         : Lavf61.7.100
  Stream #0:0: Video: h264 (avc1 / 0x31637661), yuv420p(tv, progressive), 1080x1920 [SAR 1:1 DAR 9:16], q=2-31, 30 fps, 15360 tbn
      Metadata:
        encoder         : Lavc61.19.100 libx264
      Side data:
        cpb: bitrate max/min/avg: 0/0/0 buffer size: 0 vbv_delay: N/A
  Stream #0:1: Audio: aac (LC) (mp4a / 0x6134706D), 44100 Hz, stereo, fltp, 128 kb/s
      Metadata:
        encoder         : Lavc61.19.100 aac
frame=   27 fps=0.0 q=26.0 size=       0KiB time=00:00:00.83 bitrate=   0.5kbits/s dup=11 drop=0 speed=1.59x    [mp4 @ 0000014911f15d40] Starting second pass: moving the moov atom to the beginning of the file
[out#0/mp4 @ 0000014911f15900] video:14KiB audio:1KiB subtitle:0KiB other streams:0KiB global headers:0KiB muxing overhead: 30.761661%
frame=   90 fps=0.0 q=-1.0 Lsize=      19KiB time=00:00:02.93 bitrate=  54.4kbits/s dup=15 drop=0 speed=3.48x    
[libx264 @ 0000014911f25540] frame I:1     Avg QP: 7.47  size:  7446
[libx264 @ 0000014911f25540] frame P:23    Avg QP:11.80  size:    79
[libx264 @ 0000014911f25540] frame B:66    Avg QP:14.33  size:    68
[libx264 @ 0000014911f25540] consecutive B-frames:  2.2%  0.0%  0.0% 97.8%
[libx264 @ 0000014911f25540] mb I  I16..4: 97.7%  0.0%  2.3%
[libx264 @ 0000014911f25540] mb P  I16..4:  0.0%  0.0%  0.0%  P16..4:  0.0%  0.0%  0.0%  0.0%  0.0%    skip:100.0%
[libx264 @ 0000014911f25540] mb B  I16..4:  0.0%  0.0%  0.0%  B16..8:  0.0%  0.0%  0.0%  direct: 0.0%  skip:100.0%  L0: 0.0% L1:100.0% BI: 0.0%
[libx264 @ 0000014911f25540] 8x8 transform intra:0.0% inter:0.0%
[libx264 @ 0000014911f25540] coded y,uvDC,uvAC intra: 1.5% 1.2% 0.6% inter: 0.0% 0.0% 0.0%
[libx264 @ 0000014911f25540] i16 v,h,dc,p: 99%  0%  1%  0%
[libx264 @ 0000014911f25540] i4 v,h,dc,ddl,ddr,vr,hd,vl,hu: 44% 19% 17%  3%  3%  5%  3%  3%  3%
[libx264 @ 0000014911f25540] i8c dc,h,v,p: 95%  2%  4%  0%
[libx264 @ 0000014911f25540] Weighted P-Frames: Y:0.0% UV:0.0%
[libx264 @ 0000014911f25540] kb/s:36.67
[aac @ 0000014912907780] Qavg: 65536.000
ffmpeg version 7.1-essentials_build-www.gyan.dev Copyright (c) 2000-2024 the FFmpeg developers
  built with gcc 14.2.0 (Rev1, Built by MSYS2 project)
  configuration: --enable-gpl --enable-version3 --enable-static --disable-w32threads --disable-autodetect --enable-fontconfig --enable-iconv --enable-gnutls --enable-libxml2 --enable-gmp --enable-bzlib --enable-lzma --enable-zlib --enable-libsrt --enable-libssh --enable-libzmq --enable-avisynth --enable-sdl2 --enable-libwebp --enable-libx264 --enable-libx265 --enable-libxvid --enable-libaom --enable-libopenjpeg --enable-libvpx --enable-mediafoundation --enable-libass --enable-libfreetype --enable-libfribidi --enable-libharfbuzz --enable-libvidstab --enable-libvmaf --enable-libzimg --enable-amf --enable-cuda-llvm --enable-cuvid --enable-dxva2 --enable-d3d11va --enable-d3d12va --enable-ffnvcodec --enable-libvpl --enable-nvdec --enable-nvenc --enable-vaapi --enable-libgme --enable-libopenmpt --enable-libopencore-amrwb --enable-libmp3lame --enable-libtheora --enable-libvo-amrwbenc --enable-libgsm --enable-libopencore-amrnb --enable-libopus --enable-libspeex --enable-libvorbis --enable-librubberband
  libavutil      59. 39.100 / 59. 39.100
  libavcodec     61. 19.100 / 61. 19.100
  libavformat    61.  7.100 / 61.  7.100
  libavdevice    61.  3.100 / 61.  3.100
  libavfilter    10.  4.100 / 10.  4.100
  libswscale      8.  3.100 /  8.  3.100
  libswresample   5.  3.100 /  5.  3.100
  libpostproc    58.  3.100 / 58.  3.100
Input #0, png_pipe, from 'C:\Users\Wendy\Documents\Football Channel\Video 024 - Brands and Labels Celebrating the 2026 FIFA World Cup Aerie,\_tmp\placeholder_1.png':
  Duration: N/A, bitrate: N/A
  Stream #0:0: Video: png, rgb24(pc, gbr/unknown/unknown), 1080x1920, 25 fps, 25 tbr, 25 tbn
Input #1, lavfi, from 'anullsrc=channel_layout=stereo:sample_rate=44100':
  Duration: N/A, start: 0.000000, bitrate: 705 kb/s
  Stream #1:0: Audio: pcm_u8, 44100 Hz, stereo, u8, 705 kb/s
Stream mapping:
  Stream #0:0 -> #0:0 (png (native) -> h264 (libx264))
  Stream #1:0 -> #0:1 (pcm_u8 (native) -> aac (native))
Press [q] to stop, [?] for help
[libx264 @ 0000018fcb755540] using SAR=1/1
[libx264 @ 0000018fcb755540] using cpu capabilities: MMX2 SSE2Fast SSSE3 SSE4.2 AVX FMA3 BMI2 AVX2
[libx264 @ 0000018fcb755540] profile High, level 4.0, 4:2:0, 8-bit
[libx264 @ 0000018fcb755540] 264 - core 164 r3192 c24e06c - H.264/MPEG-4 AVC codec - Copyleft 2003-2024 - http://www.videolan.org/x264.html - options: cabac=1 ref=1 deblock=1:0:0 analyse=0x3:0x113 me=hex subme=2 psy=1 psy_rd=1.00:0.00 mixed_ref=0 me_range=16 chroma_me=1 trellis=0 8x8dct=1 cqm=0 deadzone=21,11 fast_pskip=1 chroma_qp_offset=0 threads=12 lookahead_threads=4 sliced_threads=0 nr=0 decimate=1 interlaced=0 bluray_compat=0 constrained_intra=0 bframes=3 b_pyramid=2 b_adapt=1 b_bias=0 direct=1 weightb=1 open_gop=0 weightp=1 keyint=250 keyint_min=25 scenecut=40 intra_refresh=0 rc_lookahead=10 rc=crf mbtree=1 crf=20.0 qcomp=0.60 qpmin=0 qpmax=69 qpstep=4 ip_ratio=1.40 aq=1:1.00
Output #0, mp4, to 'C:\Users\Wendy\Documents\Football Channel\Video 024 - Brands and Labels Celebrating the 2026 FIFA World Cup Aerie,\_tmp\section_1_still_04.mp4':
  Metadata:
    encoder         : Lavf61.7.100
  Stream #0:0: Video: h264 (avc1 / 0x31637661), yuv420p(tv, progressive), 1080x1920 [SAR 1:1 DAR 9:16], q=2-31, 30 fps, 15360 tbn
      Metadata:
        encoder         : Lavc61.19.100 libx264
      Side data:
        cpb: bitrate max/min/avg: 0/0/0 buffer size: 0 vbv_delay: N/A
  Stream #0:1: Audio: aac (LC) (mp4a / 0x6134706D), 44100 Hz, stereo, fltp, 128 kb/s
      Metadata:
        encoder         : Lavc61.19.100 aac
[mp4 @ 0000018fcb745d40] Starting second pass: moving the moov atom to the beginning of the file
[out#0/mp4 @ 0000018fcb745900] video:9KiB audio:0KiB subtitle:0KiB other streams:0KiB global headers:0KiB muxing overhead: 20.949454%
frame=   15 fps=0.0 q=-1.0 Lsize=      11KiB time=00:00:00.43 bitrate= 210.7kbits/s dup=3 drop=0 speed=1.91x    
[libx264 @ 0000018fcb755540] frame I:1     Avg QP: 7.47  size:  7446
[libx264 @ 0000018fcb755540] frame P:4     Avg QP:15.10  size:   114
[libx264 @ 0000018fcb755540] frame B:10    Avg QP:14.40  size:    69
[libx264 @ 0000018fcb755540] consecutive B-frames:  6.7% 13.3%  0.0% 80.0%
[libx264 @ 0000018fcb755540] mb I  I16..4: 97.7%  0.0%  2.3%
[libx264 @ 0000018fcb755540] mb P  I16..4:  0.0%  0.0%  0.0%  P16..4:  0.1%  0.0%  0.0%  0.0%  0.0%    skip:99.9%
[libx264 @ 0000018fcb755540] mb B  I16..4:  0.0%  0.0%  0.0%  B16..8:  0.0%  0.0%  0.0%  direct: 0.0%  skip:100.0%  L0: 0.0% L1:100.0% BI: 0.0%
[libx264 @ 0000018fcb755540] 8x8 transform intra:0.0% inter:0.0%
[libx264 @ 0000018fcb755540] coded y,uvDC,uvAC intra: 1.5% 1.2% 0.6% inter: 0.0% 0.0% 0.0%
[libx264 @ 0000018fcb755540] i16 v,h,dc,p: 99%  0%  1%  0%
[libx264 @ 0000018fcb755540] i4 v,h,dc,ddl,ddr,vr,hd,vl,hu: 44% 19% 17%  3%  3%  5%  3%  3%  3%
[libx264 @ 0000018fcb755540] i8c dc,h,v,p: 95%  2%  4%  0%
[libx264 @ 0000018fcb755540] Weighted P-Frames: Y:0.0% UV:0.0%
[libx264 @ 0000018fcb755540] kb/s:137.49
[aac @ 0000018fcc0da840] Qavg: 65536.000
ffmpeg version 7.1-essentials_build-www.gyan.dev Copyright (c) 2000-2024 the FFmpeg developers
  built with gcc 14.2.0 (Rev1, Built by MSYS2 project)
  configuration: --enable-gpl --enable-version3 --enable-static --disable-w32threads --disable-autodetect --enable-fontconfig --enable-iconv --enable-gnutls --enable-libxml2 --enable-gmp --enable-bzlib --enable-lzma --enable-zlib --enable-libsrt --enable-libssh --enable-libzmq --enable-avisynth --enable-sdl2 --enable-libwebp --enable-libx264 --enable-libx265 --enable-libxvid --enable-libaom --enable-libopenjpeg --enable-libvpx --enable-mediafoundation --enable-libass --enable-libfreetype --enable-libfribidi --enable-libharfbuzz --enable-libvidstab --enable-libvmaf --enable-libzimg --enable-amf --enable-cuda-llvm --enable-cuvid --enable-dxva2 --enable-d3d11va --enable-d3d12va --enable-ffnvcodec --enable-libvpl --enable-nvdec --enable-nvenc --enable-vaapi --enable-libgme --enable-libopenmpt --enable-libopencore-amrwb --enable-libmp3lame --enable-libtheora --enable-libvo-amrwbenc --enable-libgsm --enable-libopencore-amrnb --enable-libopus --enable-libspeex --enable-libvorbis --enable-librubberband
  libavutil      59. 39.100 / 59. 39.100
  libavcodec     61. 19.100 / 61. 19.100
  libavformat    61.  7.100 / 61.  7.100
  libavdevice    61.  3.100 / 61.  3.100
  libavfilter    10.  4.100 / 10.  4.100
  libswscale      8.  3.100 /  8.  3.100
  libswresample   5.  3.100 /  5.  3.100
  libpostproc    58.  3.100 / 58.  3.100
[mov,mp4,m4a,3gp,3g2,mj2 @ 000001c44914b480] Auto-inserting h264_mp4toannexb bitstream filter
Input #0, concat, from 'C:\Users\Wendy\Documents\Football Channel\Video 024 - Brands and Labels Celebrating the 2026 FIFA World Cup Aerie,\_tmp\concat_list.txt':
  Duration: N/A, start: -0.023220, bitrate: 40 kb/s
  Stream #0:0(und): Video: h264 (High) (avc1 / 0x31637661), yuv420p(progressive), 1080x1920 [SAR 1:1 DAR 9:16], 38 kb/s, 30 fps, 30 tbr, 15360 tbn
      Metadata:
        handler_name    : VideoHandler
        vendor_id       : [0][0][0][0]
        encoder         : Lavc61.19.100 libx264
  Stream #0:1(und): Audio: aac (LC) (mp4a / 0x6134706D), 44100 Hz, stereo, fltp, 2 kb/s
      Metadata:
        handler_name    : SoundHandler
        vendor_id       : [0][0][0][0]
Stream mapping:
  Stream #0:0 -> #0:0 (copy)
  Stream #0:1 -> #0:1 (copy)
Output #0, mp4, to 'C:\Users\Wendy\Documents\Football Channel\Video 024 - Brands and Labels Celebrating the 2026 FIFA World Cup Aerie,\_tmp\section_1_visual.mp4':
  Metadata:
    encoder         : Lavf61.7.100
  Stream #0:0(und): Video: h264 (High) (avc1 / 0x31637661), yuv420p(progressive), 1080x1920 [SAR 1:1 DAR 9:16], q=2-31, 38 kb/s, 30 fps, 30 tbr, 15360 tbn
      Metadata:
        handler_name    : VideoHandler
        vendor_id       : [0][0][0][0]
        encoder         : Lavc61.19.100 libx264
  Stream #0:1(und): Audio: aac (LC) (mp4a / 0x6134706D), 44100 Hz, stereo, fltp, 2 kb/s
      Metadata:
        handler_name    : SoundHandler
        vendor_id       : [0][0][0][0]
Press [q] to stop, [?] for help
[mov,mp4,m4a,3gp,3g2,mj2 @ 000001c44914ec80] Auto-inserting h264_mp4toannexb bitstream filter
[aost#0:1/copy @ 000001c449206300] Non-monotonic DTS; previous: 133120, current: 132300; changing to 133121. This may result in incorrect timestamps in the output file.
[mov,mp4,m4a,3gp,3g2,mj2 @ 000001c44914ec80] Auto-inserting h264_mp4toannexb bitstream filter
[aost#0:1/copy @ 000001c449206300] Non-monotonic DTS; previous: 265420, current: 264600; changing to 265421. This may result in incorrect timestamps in the output file.
[mov,mp4,m4a,3gp,3g2,mj2 @ 000001c44914ec80] Auto-inserting h264_mp4toannexb bitstream filter
[aost#0:1/copy @ 000001c449206300] Non-monotonic DTS; previous: 397720, current: 396900; changing to 397721. This may result in incorrect timestamps in the output file.
[mp4 @ 000001c449405780] Starting second pass: moving the moov atom to the beginning of the file
[out#0/mp4 @ 000001c449180600] video:52KiB audio:3KiB subtitle:0KiB other streams:0KiB global headers:0KiB muxing overhead: 21.364277%
frame=  285 fps=0.0 q=-1.0 Lsize=      66KiB time=00:00:09.45 bitrate=  56.8kbits/s speed= 220x    
ffmpeg version 7.1-essentials_build-www.gyan.dev Copyright (c) 2000-2024 the FFmpeg developers
  built with gcc 14.2.0 (Rev1, Built by MSYS2 project)
  configuration: --enable-gpl --enable-version3 --enable-static --disable-w32threads --disable-autodetect --enable-fontconfig --enable-iconv --enable-gnutls --enable-libxml2 --enable-gmp --enable-bzlib --enable-lzma --enable-zlib --enable-libsrt --enable-libssh --enable-libzmq --enable-avisynth --enable-sdl2 --enable-libwebp --enable-libx264 --enable-libx265 --enable-libxvid --enable-libaom --enable-libopenjpeg --enable-libvpx --enable-mediafoundation --enable-libass --enable-libfreetype --enable-libfribidi --enable-libharfbuzz --enable-libvidstab --enable-libvmaf --enable-libzimg --enable-amf --enable-cuda-llvm --enable-cuvid --enable-dxva2 --enable-d3d11va --enable-d3d12va --enable-ffnvcodec --enable-libvpl --enable-nvdec --enable-nvenc --enable-vaapi --enable-libgme --enable-libopenmpt --enable-libopencore-amrwb --enable-libmp3lame --enable-libtheora --enable-libvo-amrwbenc --enable-libgsm --enable-libopencore-amrnb --enable-libopus --enable-libspeex --enable-libvorbis --enable-librubberband
  libavutil      59. 39.100 / 59. 39.100
  libavcodec     61. 19.100 / 61. 19.100
  libavformat    61.  7.100 / 61.  7.100
  libavdevice    61.  3.100 / 61.  3.100
  libavfilter    10.  4.100 / 10.  4.100
  libswscale      8.  3.100 /  8.  3.100
  libswresample   5.  3.100 /  5.  3.100
  libpostproc    58.  3.100 / 58.  3.100
Input #0, mov,mp4,m4a,3gp,3g2,mj2, from 'C:\Users\Wendy\Documents\Football Channel\Video 024 - Brands and Labels Celebrating the 2026 FIFA World Cup Aerie,\_tmp\section_1_visual.mp4':
  Metadata:
    major_brand     : isom
    minor_version   : 512
    compatible_brands: isomiso2avc1mp41
    encoder         : Lavf61.7.100
  Duration: 00:00:09.53, start: 0.000000, bitrate: 56 kb/s
  Stream #0:0[0x1](und): Video: h264 (High) (avc1 / 0x31637661), yuv420p(progressive), 1080x1920 [SAR 1:1 DAR 9:16], 44 kb/s, 30 fps, 30 tbr, 15360 tbn (default)
      Metadata:
        handler_name    : VideoHandler
        vendor_id       : [0][0][0][0]
        encoder         : Lavc61.19.100 libx264
  Stream #0:1[0x2](und): Audio: aac (LC) (mp4a / 0x6134706D), 44100 Hz, stereo, fltp, 2 kb/s (default)
      Metadata:
        handler_name    : SoundHandler
        vendor_id       : [0][0][0][0]
Input #1, mp3, from 'C:\Users\Wendy\Documents\Football Channel\Video 024 - Brands and Labels Celebrating the 2026 FIFA World Cup Aerie,\assets\voiceover\elevenlabs_1p2x\elevenlabs_part_01.mp3':
  Metadata:
    encoder         : Lavf61.7.100
  Duration: 00:00:09.51, start: 0.025057, bitrate: 100 kb/s
  Stream #1:0: Audio: mp3 (mp3float), 44100 Hz, mono, fltp, 100 kb/s
Stream mapping:
  Stream #0:0 -> #0:0 (copy)
  Stream #1:0 -> #0:1 (mp3 (mp3float) -> aac (native))
Press [q] to stop, [?] for help
Output #0, mp4, to 'C:\Users\Wendy\Documents\Football Channel\Video 024 - Brands and Labels Celebrating the 2026 FIFA World Cup Aerie,\_tmp\section_1_voice.mp4':
  Metadata:
    major_brand     : isom
    minor_version   : 512
    compatible_brands: isomiso2avc1mp41
    encoder         : Lavf61.7.100
  Stream #0:0(und): Video: h264 (High) (avc1 / 0x31637661), yuv420p(progressive), 1080x1920 [SAR 1:1 DAR 9:16], q=2-31, 44 kb/s, 30 fps, 30 tbr, 15360 tbn (default)
      Metadata:
        handler_name    : VideoHandler
        vendor_id       : [0][0][0][0]
        encoder         : Lavc61.19.100 libx264
  Stream #0:1: Audio: aac (LC) (mp4a / 0x6134706D), 44100 Hz, stereo, fltp, 160 kb/s
      Metadata:
        encoder         : Lavc61.19.100 aac
[mp4 @ 00000256df621000] Starting second pass: moving the moov atom to the beginning of the file
[out#0/mp4 @ 00000256df5fa600] video:51KiB audio:185KiB subtitle:0KiB other streams:0KiB global headers:0KiB muxing overhead: 4.829147%
frame=  283 fps=0.0 q=-1.0 Lsize=     247KiB time=00:00:09.45 bitrate= 214.4kbits/s speed=  20x    
[aac @ 00000256df661240] Qavg: 660.981
ffmpeg version 7.1-essentials_build-www.gyan.dev Copyright (c) 2000-2024 the FFmpeg developers
  built with gcc 14.2.0 (Rev1, Built by MSYS2 project)
  configuration: --enable-gpl --enable-version3 --enable-static --disable-w32threads --disable-autodetect --enable-fontconfig --enable-iconv --enable-gnutls --enable-libxml2 --enable-gmp --enable-bzlib --enable-lzma --enable-zlib --enable-libsrt --enable-libssh --enable-libzmq --enable-avisynth --enable-sdl2 --enable-libwebp --enable-libx264 --enable-libx265 --enable-libxvid --enable-libaom --enable-libopenjpeg --enable-libvpx --enable-mediafoundation --enable-libass --enable-libfreetype --enable-libfribidi --enable-libharfbuzz --enable-libvidstab --enable-libvmaf --enable-libzimg --enable-amf --enable-cuda-llvm --enable-cuvid --enable-dxva2 --enable-d3d11va --enable-d3d12va --enable-ffnvcodec --enable-libvpl --enable-nvdec --enable-nvenc --enable-vaapi --enable-libgme --enable-libopenmpt --enable-libopencore-amrwb --enable-libmp3lame --enable-libtheora --enable-libvo-amrwbenc --enable-libgsm --enable-libopencore-amrnb --enable-libopus --enable-libspeex --enable-libvorbis --enable-librubberband
  libavutil      59. 39.100 / 59. 39.100
  libavcodec     61. 19.100 / 61. 19.100
  libavformat    61.  7.100 / 61.  7.100
  libavdevice    61.  3.100 / 61.  3.100
  libavfilter    10.  4.100 / 10.  4.100
  libswscale      8.  3.100 /  8.  3.100
  libswresample   5.  3.100 /  5.  3.100
  libpostproc    58.  3.100 / 58.  3.100
Input #0, png_pipe, from 'C:\Users\Wendy\Documents\Football Channel\Video 024 - Brands and Labels Celebrating the 2026 FIFA World Cup Aerie,\_tmp\placeholder_2.png':
  Duration: N/A, bitrate: N/A
  Stream #0:0: Video: png, rgb24(pc, gbr/unknown/unknown), 1080x1920, 25 fps, 25 tbr, 25 tbn
Input #1, lavfi, from 'anullsrc=channel_layout=stereo:sample_rate=44100':
  Duration: N/A, start: 0.000000, bitrate: 705 kb/s
  Stream #1:0: Audio: pcm_u8, 44100 Hz, stereo, u8, 705 kb/s
Stream mapping:
  Stream #0:0 -> #0:0 (png (native) -> h264 (libx264))
  Stream #1:0 -> #0:1 (pcm_u8 (native) -> aac (native))
Press [q] to stop, [?] for help
[libx264 @ 000001c4fb545540] using SAR=1/1
[libx264 @ 000001c4fb545540] using cpu capabilities: MMX2 SSE2Fast SSSE3 SSE4.2 AVX FMA3 BMI2 AVX2
[libx264 @ 000001c4fb545540] profile High, level 4.0, 4:2:0, 8-bit
[libx264 @ 000001c4fb545540] 264 - core 164 r3192 c24e06c - H.264/MPEG-4 AVC codec - Copyleft 2003-2024 - http://www.videolan.org/x264.html - options: cabac=1 ref=1 deblock=1:0:0 analyse=0x3:0x113 me=hex subme=2 psy=1 psy_rd=1.00:0.00 mixed_ref=0 me_range=16 chroma_me=1 trellis=0 8x8dct=1 cqm=0 deadzone=21,11 fast_pskip=1 chroma_qp_offset=0 threads=12 lookahead_threads=4 sliced_threads=0 nr=0 decimate=1 interlaced=0 bluray_compat=0 constrained_intra=0 bframes=3 b_pyramid=2 b_adapt=1 b_bias=0 direct=1 weightb=1 open_gop=0 weightp=1 keyint=250 keyint_min=25 scenecut=40 intra_refresh=0 rc_lookahead=10 rc=crf mbtree=1 crf=20.0 qcomp=0.60 qpmin=0 qpmax=69 qpstep=4 ip_ratio=1.40 aq=1:1.00
Output #0, mp4, to 'C:\Users\Wendy\Documents\Football Channel\Video 024 - Brands and Labels Celebrating the 2026 FIFA World Cup Aerie,\_tmp\section_2_still_01.mp4':
  Metadata:
    encoder         : Lavf61.7.100
  Stream #0:0: Video: h264 (avc1 / 0x31637661), yuv420p(tv, progressive), 1080x1920 [SAR 1:1 DAR 9:16], q=2-31, 30 fps, 15360 tbn
      Metadata:
        encoder         : Lavc61.19.100 libx264
      Side data:
        cpb: bitrate max/min/avg: 0/0/0 buffer size: 0 vbv_delay: N/A
  Stream #0:1: Audio: aac (LC) (mp4a / 0x6134706D), 44100 Hz, stereo, fltp, 128 kb/s
      Metadata:
        encoder         : Lavc61.19.100 aac
frame=   33 fps=0.0 q=26.0 size=       0KiB time=00:00:01.03 bitrate=   0.4kbits/s dup=12 drop=0 speed=   2x    [mp4 @ 000001c4fb535d40] Starting second pass: moving the moov atom to the beginning of the file
[out#0/mp4 @ 000001c4fb535900] video:14KiB audio:1KiB subtitle:0KiB other streams:0KiB global headers:0KiB muxing overhead: 30.761661%
frame=   90 fps=0.0 q=-1.0 Lsize=      19KiB time=00:00:02.93 bitrate=  54.4kbits/s dup=15 drop=0 speed= 3.8x    
[libx264 @ 000001c4fb545540] frame I:1     Avg QP: 7.47  size:  7446
[libx264 @ 000001c4fb545540] frame P:23    Avg QP:11.80  size:    79
[libx264 @ 000001c4fb545540] frame B:66    Avg QP:14.33  size:    68
[libx264 @ 000001c4fb545540] consecutive B-frames:  2.2%  0.0%  0.0% 97.8%
[libx264 @ 000001c4fb545540] mb I  I16..4: 97.7%  0.0%  2.3%
[libx264 @ 000001c4fb545540] mb P  I16..4:  0.0%  0.0%  0.0%  P16..4:  0.0%  0.0%  0.0%  0.0%  0.0%    skip:100.0%
[libx264 @ 000001c4fb545540] mb B  I16..4:  0.0%  0.0%  0.0%  B16..8:  0.0%  0.0%  0.0%  direct: 0.0%  skip:100.0%  L0: 0.0% L1:100.0% BI: 0.0%
[libx264 @ 000001c4fb545540] 8x8 transform intra:0.0% inter:0.0%
[libx264 @ 000001c4fb545540] coded y,uvDC,uvAC intra: 1.5% 1.2% 0.6% inter: 0.0% 0.0% 0.0%
[libx264 @ 000001c4fb545540] i16 v,h,dc,p: 99%  0%  1%  0%
[libx264 @ 000001c4fb545540] i4 v,h,dc,ddl,ddr,vr,hd,vl,hu: 44% 19% 17%  3%  3%  5%  3%  3%  3%
[libx264 @ 000001c4fb545540] i8c dc,h,v,p: 95%  2%  4%  0%
[libx264 @ 000001c4fb545540] Weighted P-Frames: Y:0.0% UV:0.0%
[libx264 @ 000001c4fb545540] kb/s:36.67
[aac @ 000001c4fbf38600] Qavg: 65536.000
ffmpeg version 7.1-essentials_build-www.gyan.dev Copyright (c) 2000-2024 the FFmpeg developers
  built with gcc 14.2.0 (Rev1, Built by MSYS2 project)
  configuration: --enable-gpl --enable-version3 --enable-static --disable-w32threads --disable-autodetect --enable-fontconfig --enable-iconv --enable-gnutls --enable-libxml2 --enable-gmp --enable-bzlib --enable-lzma --enable-zlib --enable-libsrt --enable-libssh --enable-libzmq --enable-avisynth --enable-sdl2 --enable-libwebp --enable-libx264 --enable-libx265 --enable-libxvid --enable-libaom --enable-libopenjpeg --enable-libvpx --enable-mediafoundation --enable-libass --enable-libfreetype --enable-libfribidi --enable-libharfbuzz --enable-libvidstab --enable-libvmaf --enable-libzimg --enable-amf --enable-cuda-llvm --enable-cuvid --enable-dxva2 --enable-d3d11va --enable-d3d12va --enable-ffnvcodec --enable-libvpl --enable-nvdec --enable-nvenc --enable-vaapi --enable-libgme --enable-libopenmpt --enable-libopencore-amrwb --enable-libmp3lame --enable-libtheora --enable-libvo-amrwbenc --enable-libgsm --enable-libopencore-amrnb --enable-libopus --enable-libspeex --enable-libvorbis --enable-librubberband
  libavutil      59. 39.100 / 59. 39.100
  libavcodec     61. 19.100 / 61. 19.100
  libavformat    61.  7.100 / 61.  7.100
  libavdevice    61.  3.100 / 61.  3.100
  libavfilter    10.  4.100 / 10.  4.100
  libswscale      8.  3.100 /  8.  3.100
  libswresample   5.  3.100 /  5.  3.100
  libpostproc    58.  3.100 / 58.  3.100
Input #0, png_pipe, from 'C:\Users\Wendy\Documents\Football Channel\Video 024 - Brands and Labels Celebrating the 2026 FIFA World Cup Aerie,\_tmp\placeholder_2.png':
  Duration: N/A, bitrate: N/A
  Stream #0:0: Video: png, rgb24(pc, gbr/unknown/unknown), 1080x1920, 25 fps, 25 tbr, 25 tbn
Input #1, lavfi, from 'anullsrc=channel_layout=stereo:sample_rate=44100':
  Duration: N/A, start: 0.000000, bitrate: 705 kb/s
  Stream #1:0: Audio: pcm_u8, 44100 Hz, stereo, u8, 705 kb/s
Stream mapping:
  Stream #0:0 -> #0:0 (png (native) -> h264 (libx264))
  Stream #1:0 -> #0:1 (pcm_u8 (native) -> aac (native))
Press [q] to stop, [?] for help
[libx264 @ 000002568e2c5540] using SAR=1/1
[libx264 @ 000002568e2c5540] using cpu capabilities: MMX2 SSE2Fast SSSE3 SSE4.2 AVX FMA3 BMI2 AVX2
[libx264 @ 000002568e2c5540] profile High, level 4.0, 4:2:0, 8-bit
[libx264 @ 000002568e2c5540] 264 - core 164 r3192 c24e06c - H.264/MPEG-4 AVC codec - Copyleft 2003-2024 - http://www.videolan.org/x264.html - options: cabac=1 ref=1 deblock=1:0:0 analyse=0x3:0x113 me=hex subme=2 psy=1 psy_rd=1.00:0.00 mixed_ref=0 me_range=16 chroma_me=1 trellis=0 8x8dct=1 cqm=0 deadzone=21,11 fast_pskip=1 chroma_qp_offset=0 threads=12 lookahead_threads=4 sliced_threads=0 nr=0 decimate=1 interlaced=0 bluray_compat=0 constrained_intra=0 bframes=3 b_pyramid=2 b_adapt=1 b_bias=0 direct=1 weightb=1 open_gop=0 weightp=1 keyint=250 keyint_min=25 scenecut=40 intra_refresh=0 rc_lookahead=10 rc=crf mbtree=1 crf=20.0 qcomp=0.60 qpmin=0 qpmax=69 qpstep=4 ip_ratio=1.40 aq=1:1.00
Output #0, mp4, to 'C:\Users\Wendy\Documents\Football Channel\Video 024 - Brands and Labels Celebrating the 2026 FIFA World Cup Aerie,\_tmp\section_2_still_02.mp4':
  Metadata:
    encoder         : Lavf61.7.100
  Stream #0:0: Video: h264 (avc1 / 0x31637661), yuv420p(tv, progressive), 1080x1920 [SAR 1:1 DAR 9:16], q=2-31, 30 fps, 15360 tbn
      Metadata:
        encoder         : Lavc61.19.100 libx264
      Side data:
        cpb: bitrate max/min/avg: 0/0/0 buffer size: 0 vbv_delay: N/A
  Stream #0:1: Audio: aac (LC) (mp4a / 0x6134706D), 44100 Hz, stereo, fltp, 128 kb/s
      Metadata:
        encoder         : Lavc61.19.100 aac
frame=   32 fps=0.0 q=26.0 size=       0KiB time=00:00:01.00 bitrate=   0.4kbits/s dup=11 drop=0 speed=1.92x    [mp4 @ 000002568e2b5d40] Starting second pass: moving the moov atom to the beginning of the file
[out#0/mp4 @ 000002568e2b5900] video:14KiB audio:1KiB subtitle:0KiB other streams:0KiB global headers:0KiB muxing overhead: 30.761661%
frame=   90 fps=0.0 q=-1.0 Lsize=      19KiB time=00:00:02.93 bitrate=  54.4kbits/s dup=15 drop=0 speed=3.72x    
[libx264 @ 000002568e2c5540] frame I:1     Avg QP: 7.47  size:  7446
[libx264 @ 000002568e2c5540] frame P:23    Avg QP:11.80  size:    79
[libx264 @ 000002568e2c5540] frame B:66    Avg QP:14.33  size:    68
[libx264 @ 000002568e2c5540] consecutive B-frames:  2.2%  0.0%  0.0% 97.8%
[libx264 @ 000002568e2c5540] mb I  I16..4: 97.7%  0.0%  2.3%
[libx264 @ 000002568e2c5540] mb P  I16..4:  0.0%  0.0%  0.0%  P16..4:  0.0%  0.0%  0.0%  0.0%  0.0%    skip:100.0%
[libx264 @ 000002568e2c5540] mb B  I16..4:  0.0%  0.0%  0.0%  B16..8:  0.0%  0.0%  0.0%  direct: 0.0%  skip:100.0%  L0: 0.0% L1:100.0% BI: 0.0%
[libx264 @ 000002568e2c5540] 8x8 transform intra:0.0% inter:0.0%
[libx264 @ 000002568e2c5540] coded y,uvDC,uvAC intra: 1.5% 1.2% 0.6% inter: 0.0% 0.0% 0.0%
[libx264 @ 000002568e2c5540] i16 v,h,dc,p: 99%  0%  1%  0%
[libx264 @ 000002568e2c5540] i4 v,h,dc,ddl,ddr,vr,hd,vl,hu: 44% 19% 17%  3%  3%  5%  3%  3%  3%
[libx264 @ 000002568e2c5540] i8c dc,h,v,p: 95%  2%  4%  0%
[libx264 @ 000002568e2c5540] Weighted P-Frames: Y:0.0% UV:0.0%
[libx264 @ 000002568e2c5540] kb/s:36.67
[aac @ 000002568ebe75c0] Qavg: 65536.000
ffmpeg version 7.1-essentials_build-www.gyan.dev Copyright (c) 2000-2024 the FFmpeg developers
  built with gcc 14.2.0 (Rev1, Built by MSYS2 project)
  configuration: --enable-gpl --enable-version3 --enable-static --disable-w32threads --disable-autodetect --enable-fontconfig --enable-iconv --enable-gnutls --enable-libxml2 --enable-gmp --enable-bzlib --enable-lzma --enable-zlib --enable-libsrt --enable-libssh --enable-libzmq --enable-avisynth --enable-sdl2 --enable-libwebp --enable-libx264 --enable-libx265 --enable-libxvid --enable-libaom --enable-libopenjpeg --enable-libvpx --enable-mediafoundation --enable-libass --enable-libfreetype --enable-libfribidi --enable-libharfbuzz --enable-libvidstab --enable-libvmaf --enable-libzimg --enable-amf --enable-cuda-llvm --enable-cuvid --enable-dxva2 --enable-d3d11va --enable-d3d12va --enable-ffnvcodec --enable-libvpl --enable-nvdec --enable-nvenc --enable-vaapi --enable-libgme --enable-libopenmpt --enable-libopencore-amrwb --enable-libmp3lame --enable-libtheora --enable-libvo-amrwbenc --enable-libgsm --enable-libopencore-amrnb --enable-libopus --enable-libspeex --enable-libvorbis --enable-librubberband
  libavutil      59. 39.100 / 59. 39.100
  libavcodec     61. 19.100 / 61. 19.100
  libavformat    61.  7.100 / 61.  7.100
  libavdevice    61.  3.100 / 61.  3.100
  libavfilter    10.  4.100 / 10.  4.100
  libswscale      8.  3.100 /  8.  3.100
  libswresample   5.  3.100 /  5.  3.100
  libpostproc    58.  3.100 / 58.  3.100
Input #0, png_pipe, from 'C:\Users\Wendy\Documents\Football Channel\Video 024 - Brands and Labels Celebrating the 2026 FIFA World Cup Aerie,\_tmp\placeholder_2.png':
  Duration: N/A, bitrate: N/A
  Stream #0:0: Video: png, rgb24(pc, gbr/unknown/unknown), 1080x1920, 25 fps, 25 tbr, 25 tbn
Input #1, lavfi, from 'anullsrc=channel_layout=stereo:sample_rate=44100':
  Duration: N/A, start: 0.000000, bitrate: 705 kb/s
  Stream #1:0: Audio: pcm_u8, 44100 Hz, stereo, u8, 705 kb/s
Stream mapping:
  Stream #0:0 -> #0:0 (png (native) -> h264 (libx264))
  Stream #1:0 -> #0:1 (pcm_u8 (native) -> aac (native))
Press [q] to stop, [?] for help
[libx264 @ 000001ed7d235540] using SAR=1/1
[libx264 @ 000001ed7d235540] using cpu capabilities: MMX2 SSE2Fast SSSE3 SSE4.2 AVX FMA3 BMI2 AVX2
[libx264 @ 000001ed7d235540] profile High, level 4.0, 4:2:0, 8-bit
[libx264 @ 000001ed7d235540] 264 - core 164 r3192 c24e06c - H.264/MPEG-4 AVC codec - Copyleft 2003-2024 - http://www.videolan.org/x264.html - options: cabac=1 ref=1 deblock=1:0:0 analyse=0x3:0x113 me=hex subme=2 psy=1 psy_rd=1.00:0.00 mixed_ref=0 me_range=16 chroma_me=1 trellis=0 8x8dct=1 cqm=0 deadzone=21,11 fast_pskip=1 chroma_qp_offset=0 threads=12 lookahead_threads=4 sliced_threads=0 nr=0 decimate=1 interlaced=0 bluray_compat=0 constrained_intra=0 bframes=3 b_pyramid=2 b_adapt=1 b_bias=0 direct=1 weightb=1 open_gop=0 weightp=1 keyint=250 keyint_min=25 scenecut=40 intra_refresh=0 rc_lookahead=10 rc=crf mbtree=1 crf=20.0 qcomp=0.60 qpmin=0 qpmax=69 qpstep=4 ip_ratio=1.40 aq=1:1.00
Output #0, mp4, to 'C:\Users\Wendy\Documents\Football Channel\Video 024 - Brands and Labels Celebrating the 2026 FIFA World Cup Aerie,\_tmp\section_2_still_03.mp4':
  Metadata:
    encoder         : Lavf61.7.100
  Stream #0:0: Video: h264 (avc1 / 0x31637661), yuv420p(tv, progressive), 1080x1920 [SAR 1:1 DAR 9:16], q=2-31, 30 fps, 15360 tbn
      Metadata:
        encoder         : Lavc61.19.100 libx264
      Side data:
        cpb: bitrate max/min/avg: 0/0/0 buffer size: 0 vbv_delay: N/A
  Stream #0:1: Audio: aac (LC) (mp4a / 0x6134706D), 44100 Hz, stereo, fltp, 128 kb/s
      Metadata:
        encoder         : Lavc61.19.100 aac
frame=   30 fps=0.0 q=26.0 size=       0KiB time=00:00:00.93 bitrate=   0.4kbits/s dup=11 drop=0 speed=1.82x    [mp4 @ 000001ed7d225d40] Starting second pass: moving the moov atom to the beginning of the file
[out#0/mp4 @ 000001ed7d225900] video:13KiB audio:1KiB subtitle:0KiB other streams:0KiB global headers:0KiB muxing overhead: 29.241825%
frame=   73 fps=0.0 q=-1.0 Lsize=      18KiB time=00:00:02.36 bitrate=  60.8kbits/s dup=12 drop=0 speed=3.56x    
[libx264 @ 000001ed7d235540] frame I:1     Avg QP: 7.47  size:  7446
[libx264 @ 000001ed7d235540] frame P:18    Avg QP:11.86  size:    81
[libx264 @ 000001ed7d235540] frame B:54    Avg QP:14.33  size:    68
[libx264 @ 000001ed7d235540] consecutive B-frames:  1.4%  0.0%  0.0% 98.6%
[libx264 @ 000001ed7d235540] mb I  I16..4: 97.7%  0.0%  2.3%
[libx264 @ 000001ed7d235540] mb P  I16..4:  0.0%  0.0%  0.0%  P16..4:  0.0%  0.0%  0.0%  0.0%  0.0%    skip:100.0%
[libx264 @ 000001ed7d235540] mb B  I16..4:  0.0%  0.0%  0.0%  B16..8:  0.0%  0.0%  0.0%  direct: 0.0%  skip:100.0%  L0: 0.0% L1:100.0% BI: 0.0%
[libx264 @ 000001ed7d235540] 8x8 transform intra:0.0% inter:0.0%
[libx264 @ 000001ed7d235540] coded y,uvDC,uvAC intra: 1.5% 1.2% 0.6% inter: 0.0% 0.0% 0.0%
[libx264 @ 000001ed7d235540] i16 v,h,dc,p: 99%  0%  1%  0%
[libx264 @ 000001ed7d235540] i4 v,h,dc,ddl,ddr,vr,hd,vl,hu: 44% 19% 17%  3%  3%  5%  3%  3%  3%
[libx264 @ 000001ed7d235540] i8c dc,h,v,p: 95%  2%  4%  0%
[libx264 @ 000001ed7d235540] Weighted P-Frames: Y:0.0% UV:0.0%
[libx264 @ 000001ed7d235540] kb/s:41.36
[aac @ 000001ed7db67700] Qavg: 65536.000
ffmpeg version 7.1-essentials_build-www.gyan.dev Copyright (c) 2000-2024 the FFmpeg developers
  built with gcc 14.2.0 (Rev1, Built by MSYS2 project)
  configuration: --enable-gpl --enable-version3 --enable-static --disable-w32threads --disable-autodetect --enable-fontconfig --enable-iconv --enable-gnutls --enable-libxml2 --enable-gmp --enable-bzlib --enable-lzma --enable-zlib --enable-libsrt --enable-libssh --enable-libzmq --enable-avisynth --enable-sdl2 --enable-libwebp --enable-libx264 --enable-libx265 --enable-libxvid --enable-libaom --enable-libopenjpeg --enable-libvpx --enable-mediafoundation --enable-libass --enable-libfreetype --enable-libfribidi --enable-libharfbuzz --enable-libvidstab --enable-libvmaf --enable-libzimg --enable-amf --enable-cuda-llvm --enable-cuvid --enable-dxva2 --enable-d3d11va --enable-d3d12va --enable-ffnvcodec --enable-libvpl --enable-nvdec --enable-nvenc --enable-vaapi --enable-libgme --enable-libopenmpt --enable-libopencore-amrwb --enable-libmp3lame --enable-libtheora --enable-libvo-amrwbenc --enable-libgsm --enable-libopencore-amrnb --enable-libopus --enable-libspeex --enable-libvorbis --enable-librubberband
  libavutil      59. 39.100 / 59. 39.100
  libavcodec     61. 19.100 / 61. 19.100
  libavformat    61.  7.100 / 61.  7.100
  libavdevice    61.  3.100 / 61.  3.100
  libavfilter    10.  4.100 / 10.  4.100
  libswscale      8.  3.100 /  8.  3.100
  libswresample   5.  3.100 /  5.  3.100
  libpostproc    58.  3.100 / 58.  3.100
[mov,mp4,m4a,3gp,3g2,mj2 @ 000001baf832b300] Auto-inserting h264_mp4toannexb bitstream filter
Input #0, concat, from 'C:\Users\Wendy\Documents\Football Channel\Video 024 - Brands and Labels Celebrating the 2026 FIFA World Cup Aerie,\_tmp\concat_list.txt':
  Duration: N/A, start: -0.023220, bitrate: 40 kb/s
  Stream #0:0(und): Video: h264 (High) (avc1 / 0x31637661), yuv420p(progressive), 1080x1920 [SAR 1:1 DAR 9:16], 38 kb/s, 30 fps, 30 tbr, 15360 tbn
      Metadata:
        handler_name    : VideoHandler
        vendor_id       : [0][0][0][0]
        encoder         : Lavc61.19.100 libx264
  Stream #0:1(und): Audio: aac (LC) (mp4a / 0x6134706D), 44100 Hz, stereo, fltp, 2 kb/s
      Metadata:
        handler_name    : SoundHandler
        vendor_id       : [0][0][0][0]
Stream mapping:
  Stream #0:0 -> #0:0 (copy)
  Stream #0:1 -> #0:1 (copy)
Output #0, mp4, to 'C:\Users\Wendy\Documents\Football Channel\Video 024 - Brands and Labels Celebrating the 2026 FIFA World Cup Aerie,\_tmp\section_2_visual.mp4':
  Metadata:
    encoder         : Lavf61.7.100
  Stream #0:0(und): Video: h264 (High) (avc1 / 0x31637661), yuv420p(progressive), 1080x1920 [SAR 1:1 DAR 9:16], q=2-31, 38 kb/s, 30 fps, 30 tbr, 15360 tbn
      Metadata:
        handler_name    : VideoHandler
        vendor_id       : [0][0][0][0]
        encoder         : Lavc61.19.100 libx264
  Stream #0:1(und): Audio: aac (LC) (mp4a / 0x6134706D), 44100 Hz, stereo, fltp, 2 kb/s
      Metadata:
        handler_name    : SoundHandler
        vendor_id       : [0][0][0][0]
Press [q] to stop, [?] for help
[mov,mp4,m4a,3gp,3g2,mj2 @ 000001baf83e6680] Auto-inserting h264_mp4toannexb bitstream filter
[aost#0:1/copy @ 000001baf8332e80] Non-monotonic DTS; previous: 133120, current: 132300; changing to 133121. This may result in incorrect timestamps in the output file.
[mov,mp4,m4a,3gp,3g2,mj2 @ 000001baf83e6680] Auto-inserting h264_mp4toannexb bitstream filter
[aost#0:1/copy @ 000001baf8332e80] Non-monotonic DTS; previous: 265420, current: 264600; changing to 265421. This may result in incorrect timestamps in the output file.
[mp4 @ 000001baf85e5780] Starting second pass: moving the moov atom to the beginning of the file
[out#0/mp4 @ 000001baf83608c0] video:41KiB audio:2KiB subtitle:0KiB other streams:0KiB global headers:0KiB muxing overhead: 23.896588%
frame=  253 fps=0.0 q=-1.0 Lsize=      54KiB time=00:00:08.38 bitrate=  52.6kbits/s speed= 289x    
ffmpeg version 7.1-essentials_build-www.gyan.dev Copyright (c) 2000-2024 the FFmpeg developers
  built with gcc 14.2.0 (Rev1, Built by MSYS2 project)
  configuration: --enable-gpl --enable-version3 --enable-static --disable-w32threads --disable-autodetect --enable-fontconfig --enable-iconv --enable-gnutls --enable-libxml2 --enable-gmp --enable-bzlib --enable-lzma --enable-zlib --enable-libsrt --enable-libssh --enable-libzmq --enable-avisynth --enable-sdl2 --enable-libwebp --enable-libx264 --enable-libx265 --enable-libxvid --enable-libaom --enable-libopenjpeg --enable-libvpx --enable-mediafoundation --enable-libass --enable-libfreetype --enable-libfribidi --enable-libharfbuzz --enable-libvidstab --enable-libvmaf --enable-libzimg --enable-amf --enable-cuda-llvm --enable-cuvid --enable-dxva2 --enable-d3d11va --enable-d3d12va --enable-ffnvcodec --enable-libvpl --enable-nvdec --enable-nvenc --enable-vaapi --enable-libgme --enable-libopenmpt --enable-libopencore-amrwb --enable-libmp3lame --enable-libtheora --enable-libvo-amrwbenc --enable-libgsm --enable-libopencore-amrnb --enable-libopus --enable-libspeex --enable-libvorbis --enable-librubberband
  libavutil      59. 39.100 / 59. 39.100
  libavcodec     61. 19.100 / 61. 19.100
  libavformat    61.  7.100 / 61.  7.100
  libavdevice    61.  3.100 / 61.  3.100
  libavfilter    10.  4.100 / 10.  4.100
  libswscale      8.  3.100 /  8.  3.100
  libswresample   5.  3.100 /  5.  3.100
  libpostproc    58.  3.100 / 58.  3.100
Input #0, mov,mp4,m4a,3gp,3g2,mj2, from 'C:\Users\Wendy\Documents\Football Channel\Video 024 - Brands and Labels Celebrating the 2026 FIFA World Cup Aerie,\_tmp\section_2_visual.mp4':
  Metadata:
    major_brand     : isom
    minor_version   : 512
    compatible_brands: isomiso2avc1mp41
    encoder         : Lavf61.7.100
  Duration: 00:00:08.46, start: 0.000000, bitrate: 52 kb/s
  Stream #0:0[0x1](und): Video: h264 (High) (avc1 / 0x31637661), yuv420p(progressive), 1080x1920 [SAR 1:1 DAR 9:16], 40 kb/s, 30 fps, 30 tbr, 15360 tbn (default)
      Metadata:
        handler_name    : VideoHandler
        vendor_id       : [0][0][0][0]
        encoder         : Lavc61.19.100 libx264
  Stream #0:1[0x2](und): Audio: aac (LC) (mp4a / 0x6134706D), 44100 Hz, stereo, fltp, 2 kb/s (default)
      Metadata:
        handler_name    : SoundHandler
        vendor_id       : [0][0][0][0]
Input #1, mp3, from 'C:\Users\Wendy\Documents\Football Channel\Video 024 - Brands and Labels Celebrating the 2026 FIFA World Cup Aerie,\assets\voiceover\elevenlabs_1p2x\elevenlabs_part_02.mp3':
  Metadata:
    encoder         : Lavf61.7.100
  Duration: 00:00:08.44, start: 0.025057, bitrate: 98 kb/s
  Stream #1:0: Audio: mp3 (mp3float), 44100 Hz, mono, fltp, 98 kb/s
Stream mapping:
  Stream #0:0 -> #0:0 (copy)
  Stream #1:0 -> #0:1 (mp3 (mp3float) -> aac (native))
Press [q] to stop, [?] for help
Output #0, mp4, to 'C:\Users\Wendy\Documents\Football Channel\Video 024 - Brands and Labels Celebrating the 2026 FIFA World Cup Aerie,\_tmp\section_2_voice.mp4':
  Metadata:
    major_brand     : isom
    minor_version   : 512
    compatible_brands: isomiso2avc1mp41
    encoder         : Lavf61.7.100
  Stream #0:0(und): Video: h264 (High) (avc1 / 0x31637661), yuv420p(progressive), 1080x1920 [SAR 1:1 DAR 9:16], q=2-31, 40 kb/s, 30 fps, 30 tbr, 15360 tbn (default)
      Metadata:
        handler_name    : VideoHandler
        vendor_id       : [0][0][0][0]
        encoder         : Lavc61.19.100 libx264
  Stream #0:1: Audio: aac (LC) (mp4a / 0x6134706D), 44100 Hz, stereo, fltp, 160 kb/s
      Metadata:
        encoder         : Lavc61.19.100 aac
[mp4 @ 00000233ff901cc0] Starting second pass: moving the moov atom to the beginning of the file
[out#0/mp4 @ 00000233ff901bc0] video:41KiB audio:164KiB subtitle:0KiB other streams:0KiB global headers:0KiB muxing overhead: 4.979924%
frame=  249 fps=0.0 q=-1.0 Lsize=     216KiB time=00:00:08.38 bitrate= 210.4kbits/s speed=20.7x    
[aac @ 00000233ff98e540] Qavg: 415.126
ffmpeg version 7.1-essentials_build-www.gyan.dev Copyright (c) 2000-2024 the FFmpeg developers
  built with gcc 14.2.0 (Rev1, Built by MSYS2 project)
  configuration: --enable-gpl --enable-version3 --enable-static --disable-w32threads --disable-autodetect --enable-fontconfig --enable-iconv --enable-gnutls --enable-libxml2 --enable-gmp --enable-bzlib --enable-lzma --enable-zlib --enable-libsrt --enable-libssh --enable-libzmq --enable-avisynth --enable-sdl2 --enable-libwebp --enable-libx264 --enable-libx265 --enable-libxvid --enable-libaom --enable-libopenjpeg --enable-libvpx --enable-mediafoundation --enable-libass --enable-libfreetype --enable-libfribidi --enable-libharfbuzz --enable-libvidstab --enable-libvmaf --enable-libzimg --enable-amf --enable-cuda-llvm --enable-cuvid --enable-dxva2 --enable-d3d11va --enable-d3d12va --enable-ffnvcodec --enable-libvpl --enable-nvdec --enable-nvenc --enable-vaapi --enable-libgme --enable-libopenmpt --enable-libopencore-amrwb --enable-libmp3lame --enable-libtheora --enable-libvo-amrwbenc --enable-libgsm --enable-libopencore-amrnb --enable-libopus --enable-libspeex --enable-libvorbis --enable-librubberband
  libavutil      59. 39.100 / 59. 39.100
  libavcodec     61. 19.100 / 61. 19.100
  libavformat    61.  7.100 / 61.  7.100
  libavdevice    61.  3.100 / 61.  3.100
  libavfilter    10.  4.100 / 10.  4.100
  libswscale      8.  3.100 /  8.  3.100
  libswresample   5.  3.100 /  5.  3.100
  libpostproc    58.  3.100 / 58.  3.100
Input #0, png_pipe, from 'C:\Users\Wendy\Documents\Football Channel\Video 024 - Brands and Labels Celebrating the 2026 FIFA World Cup Aerie,\_tmp\placeholder_3.png':
  Duration: N/A, bitrate: N/A
  Stream #0:0: Video: png, rgb24(pc, gbr/unknown/unknown), 1080x1920, 25 fps, 25 tbr, 25 tbn
Input #1, lavfi, from 'anullsrc=channel_layout=stereo:sample_rate=44100':
  Duration: N/A, start: 0.000000, bitrate: 705 kb/s
  Stream #1:0: Audio: pcm_u8, 44100 Hz, stereo, u8, 705 kb/s
Stream mapping:
  Stream #0:0 -> #0:0 (png (native) -> h264 (libx264))
  Stream #1:0 -> #0:1 (pcm_u8 (native) -> aac (native))
Press [q] to stop, [?] for help
[libx264 @ 00000249580d5540] using SAR=1/1
[libx264 @ 00000249580d5540] using cpu capabilities: MMX2 SSE2Fast SSSE3 SSE4.2 AVX FMA3 BMI2 AVX2
[libx264 @ 00000249580d5540] profile High, level 4.0, 4:2:0, 8-bit
[libx264 @ 00000249580d5540] 264 - core 164 r3192 c24e06c - H.264/MPEG-4 AVC codec - Copyleft 2003-2024 - http://www.videolan.org/x264.html - options: cabac=1 ref=1 deblock=1:0:0 analyse=0x3:0x113 me=hex subme=2 psy=1 psy_rd=1.00:0.00 mixed_ref=0 me_range=16 chroma_me=1 trellis=0 8x8dct=1 cqm=0 deadzone=21,11 fast_pskip=1 chroma_qp_offset=0 threads=12 lookahead_threads=4 sliced_threads=0 nr=0 decimate=1 interlaced=0 bluray_compat=0 constrained_intra=0 bframes=3 b_pyramid=2 b_adapt=1 b_bias=0 direct=1 weightb=1 open_gop=0 weightp=1 keyint=250 keyint_min=25 scenecut=40 intra_refresh=0 rc_lookahead=10 rc=crf mbtree=1 crf=20.0 qcomp=0.60 qpmin=0 qpmax=69 qpstep=4 ip_ratio=1.40 aq=1:1.00
Output #0, mp4, to 'C:\Users\Wendy\Documents\Football Channel\Video 024 - Brands and Labels Celebrating the 2026 FIFA World Cup Aerie,\_tmp\section_3_still_01.mp4':
  Metadata:
    encoder         : Lavf61.7.100
  Stream #0:0: Video: h264 (avc1 / 0x31637661), yuv420p(tv, progressive), 1080x1920 [SAR 1:1 DAR 9:16], q=2-31, 30 fps, 15360 tbn
      Metadata:
        encoder         : Lavc61.19.100 libx264
      Side data:
        cpb: bitrate max/min/avg: 0/0/0 buffer size: 0 vbv_delay: N/A
  Stream #0:1: Audio: aac (LC) (mp4a / 0x6134706D), 44100 Hz, stereo, fltp, 128 kb/s
      Metadata:
        encoder         : Lavc61.19.100 aac
frame=   29 fps=0.0 q=26.0 size=       0KiB time=00:00:00.90 bitrate=   0.4kbits/s dup=11 drop=0 speed=1.78x    [mp4 @ 00000249580c5d40] Starting second pass: moving the moov atom to the beginning of the file
[out#0/mp4 @ 00000249580c5900] video:14KiB audio:1KiB subtitle:0KiB other streams:0KiB global headers:0KiB muxing overhead: 30.761661%
frame=   90 fps=0.0 q=-1.0 Lsize=      19KiB time=00:00:02.93 bitrate=  54.4kbits/s dup=15 drop=0 speed=3.41x    
[libx264 @ 00000249580d5540] frame I:1     Avg QP: 7.47  size:  7446
[libx264 @ 00000249580d5540] frame P:23    Avg QP:11.80  size:    79
[libx264 @ 00000249580d5540] frame B:66    Avg QP:14.33  size:    68
[libx264 @ 00000249580d5540] consecutive B-frames:  2.2%  0.0%  0.0% 97.8%
[libx264 @ 00000249580d5540] mb I  I16..4: 97.7%  0.0%  2.3%
[libx264 @ 00000249580d5540] mb P  I16..4:  0.0%  0.0%  0.0%  P16..4:  0.0%  0.0%  0.0%  0.0%  0.0%    skip:100.0%
[libx264 @ 00000249580d5540] mb B  I16..4:  0.0%  0.0%  0.0%  B16..8:  0.0%  0.0%  0.0%  direct: 0.0%  skip:100.0%  L0: 0.0% L1:100.0% BI: 0.0%
[libx264 @ 00000249580d5540] 8x8 transform intra:0.0% inter:0.0%
[libx264 @ 00000249580d5540] coded y,uvDC,uvAC intra: 1.5% 1.2% 0.6% inter: 0.0% 0.0% 0.0%
[libx264 @ 00000249580d5540] i16 v,h,dc,p: 99%  0%  1%  0%
[libx264 @ 00000249580d5540] i4 v,h,dc,ddl,ddr,vr,hd,vl,hu: 44% 19% 17%  3%  3%  5%  3%  3%  3%
[libx264 @ 00000249580d5540] i8c dc,h,v,p: 95%  2%  4%  0%
[libx264 @ 00000249580d5540] Weighted P-Frames: Y:0.0% UV:0.0%
[libx264 @ 00000249580d5540] kb/s:36.67
[aac @ 0000024958a08800] Qavg: 65536.000
ffmpeg version 7.1-essentials_build-www.gyan.dev Copyright (c) 2000-2024 the FFmpeg developers
  built with gcc 14.2.0 (Rev1, Built by MSYS2 project)
  configuration: --enable-gpl --enable-version3 --enable-static --disable-w32threads --disable-autodetect --enable-fontconfig --enable-iconv --enable-gnutls --enable-libxml2 --enable-gmp --enable-bzlib --enable-lzma --enable-zlib --enable-libsrt --enable-libssh --enable-libzmq --enable-avisynth --enable-sdl2 --enable-libwebp --enable-libx264 --enable-libx265 --enable-libxvid --enable-libaom --enable-libopenjpeg --enable-libvpx --enable-mediafoundation --enable-libass --enable-libfreetype --enable-libfribidi --enable-libharfbuzz --enable-libvidstab --enable-libvmaf --enable-libzimg --enable-amf --enable-cuda-llvm --enable-cuvid --enable-dxva2 --enable-d3d11va --enable-d3d12va --enable-ffnvcodec --enable-libvpl --enable-nvdec --enable-nvenc --enable-vaapi --enable-libgme --enable-libopenmpt --enable-libopencore-amrwb --enable-libmp3lame --enable-libtheora --enable-libvo-amrwbenc --enable-libgsm --enable-libopencore-amrnb --enable-libopus --enable-libspeex --enable-libvorbis --enable-librubberband
  libavutil      59. 39.100 / 59. 39.100
  libavcodec     61. 19.100 / 61. 19.100
  libavformat    61.  7.100 / 61.  7.100
  libavdevice    61.  3.100 / 61.  3.100
  libavfilter    10.  4.100 / 10.  4.100
  libswscale      8.  3.100 /  8.  3.100
  libswresample   5.  3.100 /  5.  3.100
  libpostproc    58.  3.100 / 58.  3.100
Input #0, png_pipe, from 'C:\Users\Wendy\Documents\Football Channel\Video 024 - Brands and Labels Celebrating the 2026 FIFA World Cup Aerie,\_tmp\placeholder_3.png':
  Duration: N/A, bitrate: N/A
  Stream #0:0: Video: png, rgb24(pc, gbr/unknown/unknown), 1080x1920, 25 fps, 25 tbr, 25 tbn
Input #1, lavfi, from 'anullsrc=channel_layout=stereo:sample_rate=44100':
  Duration: N/A, start: 0.000000, bitrate: 705 kb/s
  Stream #1:0: Audio: pcm_u8, 44100 Hz, stereo, u8, 705 kb/s
Stream mapping:
  Stream #0:0 -> #0:0 (png (native) -> h264 (libx264))
  Stream #1:0 -> #0:1 (pcm_u8 (native) -> aac (native))
Press [q] to stop, [?] for help
[libx264 @ 00000210db2a5540] using SAR=1/1
[libx264 @ 00000210db2a5540] using cpu capabilities: MMX2 SSE2Fast SSSE3 SSE4.2 AVX FMA3 BMI2 AVX2
[libx264 @ 00000210db2a5540] profile High, level 4.0, 4:2:0, 8-bit
[libx264 @ 00000210db2a5540] 264 - core 164 r3192 c24e06c - H.264/MPEG-4 AVC codec - Copyleft 2003-2024 - http://www.videolan.org/x264.html - options: cabac=1 ref=1 deblock=1:0:0 analyse=0x3:0x113 me=hex subme=2 psy=1 psy_rd=1.00:0.00 mixed_ref=0 me_range=16 chroma_me=1 trellis=0 8x8dct=1 cqm=0 deadzone=21,11 fast_pskip=1 chroma_qp_offset=0 threads=12 lookahead_threads=4 sliced_threads=0 nr=0 decimate=1 interlaced=0 bluray_compat=0 constrained_intra=0 bframes=3 b_pyramid=2 b_adapt=1 b_bias=0 direct=1 weightb=1 open_gop=0 weightp=1 keyint=250 keyint_min=25 scenecut=40 intra_refresh=0 rc_lookahead=10 rc=crf mbtree=1 crf=20.0 qcomp=0.60 qpmin=0 qpmax=69 qpstep=4 ip_ratio=1.40 aq=1:1.00
Output #0, mp4, to 'C:\Users\Wendy\Documents\Football Channel\Video 024 - Brands and Labels Celebrating the 2026 FIFA World Cup Aerie,\_tmp\section_3_still_02.mp4':
  Metadata:
    encoder         : Lavf61.7.100
  Stream #0:0: Video: h264 (avc1 / 0x31637661), yuv420p(tv, progressive), 1080x1920 [SAR 1:1 DAR 9:16], q=2-31, 30 fps, 15360 tbn
      Metadata:
        encoder         : Lavc61.19.100 libx264
      Side data:
        cpb: bitrate max/min/avg: 0/0/0 buffer size: 0 vbv_delay: N/A
  Stream #0:1: Audio: aac (LC) (mp4a / 0x6134706D), 44100 Hz, stereo, fltp, 128 kb/s
      Metadata:
        encoder         : Lavc61.19.100 aac
[mp4 @ 00000210db295d40] Starting second pass: moving the moov atom to the beginning of the file
[out#0/mp4 @ 00000210db295900] video:11KiB audio:0KiB subtitle:0KiB other streams:0KiB global headers:0KiB muxing overhead: 25.219085%
frame=   39 fps=0.0 q=-1.0 Lsize=      14KiB time=00:00:01.23 bitrate=  91.8kbits/s dup=7 drop=0 speed=2.81x    
[libx264 @ 00000210db2a5540] frame I:1     Avg QP: 7.47  size:  7446
[libx264 @ 00000210db2a5540] frame P:10    Avg QP:12.64  size:    89
[libx264 @ 00000210db2a5540] frame B:28    Avg QP:14.36  size:    68
[libx264 @ 00000210db2a5540] consecutive B-frames:  2.6%  5.1%  0.0% 92.3%
[libx264 @ 00000210db2a5540] mb I  I16..4: 97.7%  0.0%  2.3%
[libx264 @ 00000210db2a5540] mb P  I16..4:  0.0%  0.0%  0.0%  P16..4:  0.0%  0.0%  0.0%  0.0%  0.0%    skip:100.0%
[libx264 @ 00000210db2a5540] mb B  I16..4:  0.0%  0.0%  0.0%  B16..8:  0.0%  0.0%  0.0%  direct: 0.0%  skip:100.0%  L0: 0.0% L1:100.0% BI: 0.0%
[libx264 @ 00000210db2a5540] 8x8 transform intra:0.0% inter:0.0%
[libx264 @ 00000210db2a5540] coded y,uvDC,uvAC intra: 1.5% 1.2% 0.6% inter: 0.0% 0.0% 0.0%
[libx264 @ 00000210db2a5540] i16 v,h,dc,p: 99%  0%  1%  0%
[libx264 @ 00000210db2a5540] i4 v,h,dc,ddl,ddr,vr,hd,vl,hu: 44% 19% 17%  3%  3%  5%  3%  3%  3%
[libx264 @ 00000210db2a5540] i8c dc,h,v,p: 95%  2%  4%  0%
[libx264 @ 00000210db2a5540] Weighted P-Frames: Y:0.0% UV:0.0%
[libx264 @ 00000210db2a5540] kb/s:63.03
[aac @ 00000210dbbc6fc0] Qavg: 65536.000
ffmpeg version 7.1-essentials_build-www.gyan.dev Copyright (c) 2000-2024 the FFmpeg developers
  built with gcc 14.2.0 (Rev1, Built by MSYS2 project)
  configuration: --enable-gpl --enable-version3 --enable-static --disable-w32threads --disable-autodetect --enable-fontconfig --enable-iconv --enable-gnutls --enable-libxml2 --enable-gmp --enable-bzlib --enable-lzma --enable-zlib --enable-libsrt --enable-libssh --enable-libzmq --enable-avisynth --enable-sdl2 --enable-libwebp --enable-libx264 --enable-libx265 --enable-libxvid --enable-libaom --enable-libopenjpeg --enable-libvpx --enable-mediafoundation --enable-libass --enable-libfreetype --enable-libfribidi --enable-libharfbuzz --enable-libvidstab --enable-libvmaf --enable-libzimg --enable-amf --enable-cuda-llvm --enable-cuvid --enable-dxva2 --enable-d3d11va --enable-d3d12va --enable-ffnvcodec --enable-libvpl --enable-nvdec --enable-nvenc --enable-vaapi --enable-libgme --enable-libopenmpt --enable-libopencore-amrwb --enable-libmp3lame --enable-libtheora --enable-libvo-amrwbenc --enable-libgsm --enable-libopencore-amrnb --enable-libopus --enable-libspeex --enable-libvorbis --enable-librubberband
  libavutil      59. 39.100 / 59. 39.100
  libavcodec     61. 19.100 / 61. 19.100
  libavformat    61.  7.100 / 61.  7.100
  libavdevice    61.  3.100 / 61.  3.100
  libavfilter    10.  4.100 / 10.  4.100
  libswscale      8.  3.100 /  8.  3.100
  libswresample   5.  3.100 /  5.  3.100
  libpostproc    58.  3.100 / 58.  3.100
[mov,mp4,m4a,3gp,3g2,mj2 @ 000002805670b180] Auto-inserting h264_mp4toannexb bitstream filter
Input #0, concat, from 'C:\Users\Wendy\Documents\Football Channel\Video 024 - Brands and Labels Celebrating the 2026 FIFA World Cup Aerie,\_tmp\concat_list.txt':
  Duration: N/A, start: -0.023220, bitrate: 40 kb/s
  Stream #0:0(und): Video: h264 (High) (avc1 / 0x31637661), yuv420p(progressive), 1080x1920 [SAR 1:1 DAR 9:16], 38 kb/s, 30 fps, 30 tbr, 15360 tbn
      Metadata:
        handler_name    : VideoHandler
        vendor_id       : [0][0][0][0]
        encoder         : Lavc61.19.100 libx264
  Stream #0:1(und): Audio: aac (LC) (mp4a / 0x6134706D), 44100 Hz, stereo, fltp, 2 kb/s
      Metadata:
        handler_name    : SoundHandler
        vendor_id       : [0][0][0][0]
Stream mapping:
  Stream #0:0 -> #0:0 (copy)
  Stream #0:1 -> #0:1 (copy)
Output #0, mp4, to 'C:\Users\Wendy\Documents\Football Channel\Video 024 - Brands and Labels Celebrating the 2026 FIFA World Cup Aerie,\_tmp\section_3_visual.mp4':
  Metadata:
    encoder         : Lavf61.7.100
  Stream #0:0(und): Video: h264 (High) (avc1 / 0x31637661), yuv420p(progressive), 1080x1920 [SAR 1:1 DAR 9:16], q=2-31, 38 kb/s, 30 fps, 30 tbr, 15360 tbn
      Metadata:
        handler_name    : VideoHandler
        vendor_id       : [0][0][0][0]
        encoder         : Lavc61.19.100 libx264
  Stream #0:1(und): Audio: aac (LC) (mp4a / 0x6134706D), 44100 Hz, stereo, fltp, 2 kb/s
      Metadata:
        handler_name    : SoundHandler
        vendor_id       : [0][0][0][0]
Press [q] to stop, [?] for help
[mov,mp4,m4a,3gp,3g2,mj2 @ 0000028056c953c0] Auto-inserting h264_mp4toannexb bitstream filter
[aost#0:1/copy @ 0000028056d67d40] Non-monotonic DTS; previous: 133120, current: 132300; changing to 133121. This may result in incorrect timestamps in the output file.
[mp4 @ 00000280567405c0] Starting second pass: moving the moov atom to the beginning of the file
[out#0/mp4 @ 00000280568d9e40] video:25KiB audio:1KiB subtitle:0KiB other streams:0KiB global headers:0KiB muxing overhead: 23.027799%
frame=  129 fps=0.0 q=-1.0 Lsize=      32KiB time=00:00:04.25 bitrate=  61.6kbits/s speed= 178x    
ffmpeg version 7.1-essentials_build-www.gyan.dev Copyright (c) 2000-2024 the FFmpeg developers
  built with gcc 14.2.0 (Rev1, Built by MSYS2 project)
  configuration: --enable-gpl --enable-version3 --enable-static --disable-w32threads --disable-autodetect --enable-fontconfig --enable-iconv --enable-gnutls --enable-libxml2 --enable-gmp --enable-bzlib --enable-lzma --enable-zlib --enable-libsrt --enable-libssh --enable-libzmq --enable-avisynth --enable-sdl2 --enable-libwebp --enable-libx264 --enable-libx265 --enable-libxvid --enable-libaom --enable-libopenjpeg --enable-libvpx --enable-mediafoundation --enable-libass --enable-libfreetype --enable-libfribidi --enable-libharfbuzz --enable-libvidstab --enable-libvmaf --enable-libzimg --enable-amf --enable-cuda-llvm --enable-cuvid --enable-dxva2 --enable-d3d11va --enable-d3d12va --enable-ffnvcodec --enable-libvpl --enable-nvdec --enable-nvenc --enable-vaapi --enable-libgme --enable-libopenmpt --enable-libopencore-amrwb --enable-libmp3lame --enable-libtheora --enable-libvo-amrwbenc --enable-libgsm --enable-libopencore-amrnb --enable-libopus --enable-libspeex --enable-libvorbis --enable-librubberband
  libavutil      59. 39.100 / 59. 39.100
  libavcodec     61. 19.100 / 61. 19.100
  libavformat    61.  7.100 / 61.  7.100
  libavdevice    61.  3.100 / 61.  3.100
  libavfilter    10.  4.100 / 10.  4.100
  libswscale      8.  3.100 /  8.  3.100
  libswresample   5.  3.100 /  5.  3.100
  libpostproc    58.  3.100 / 58.  3.100
Input #0, mov,mp4,m4a,3gp,3g2,mj2, from 'C:\Users\Wendy\Documents\Football Channel\Video 024 - Brands and Labels Celebrating the 2026 FIFA World Cup Aerie,\_tmp\section_3_visual.mp4':
  Metadata:
    major_brand     : isom
    minor_version   : 512
    compatible_brands: isomiso2avc1mp41
    encoder         : Lavf61.7.100
  Duration: 00:00:04.33, start: 0.000000, bitrate: 60 kb/s
  Stream #0:0[0x1](und): Video: h264 (High) (avc1 / 0x31637661), yuv420p(progressive), 1080x1920 [SAR 1:1 DAR 9:16], 47 kb/s, 30 fps, 30 tbr, 15360 tbn (default)
      Metadata:
        handler_name    : VideoHandler
        vendor_id       : [0][0][0][0]
        encoder         : Lavc61.19.100 libx264
  Stream #0:1[0x2](und): Audio: aac (LC) (mp4a / 0x6134706D), 44100 Hz, stereo, fltp, 2 kb/s (default)
      Metadata:
        handler_name    : SoundHandler
        vendor_id       : [0][0][0][0]
Input #1, mp3, from 'C:\Users\Wendy\Documents\Football Channel\Video 024 - Brands and Labels Celebrating the 2026 FIFA World Cup Aerie,\assets\voiceover\elevenlabs_1p2x\elevenlabs_part_03.mp3':
  Metadata:
    encoder         : Lavf61.7.100
  Duration: 00:00:04.31, start: 0.025057, bitrate: 97 kb/s
  Stream #1:0: Audio: mp3 (mp3float), 44100 Hz, mono, fltp, 97 kb/s
Stream mapping:
  Stream #0:0 -> #0:0 (copy)
  Stream #1:0 -> #0:1 (mp3 (mp3float) -> aac (native))
Press [q] to stop, [?] for help
Output #0, mp4, to 'C:\Users\Wendy\Documents\Football Channel\Video 024 - Brands and Labels Celebrating the 2026 FIFA World Cup Aerie,\_tmp\section_3_voice.mp4':
  Metadata:
    major_brand     : isom
    minor_version   : 512
    compatible_brands: isomiso2avc1mp41
    encoder         : Lavf61.7.100
  Stream #0:0(und): Video: h264 (High) (avc1 / 0x31637661), yuv420p(progressive), 1080x1920 [SAR 1:1 DAR 9:16], q=2-31, 47 kb/s, 30 fps, 30 tbr, 15360 tbn (default)
      Metadata:
        handler_name    : VideoHandler
        vendor_id       : [0][0][0][0]
        encoder         : Lavc61.19.100 libx264
  Stream #0:1: Audio: aac (LC) (mp4a / 0x6134706D), 44100 Hz, stereo, fltp, 160 kb/s
      Metadata:
        encoder         : Lavc61.19.100 aac
[mp4 @ 0000012d89afeb00] Starting second pass: moving the moov atom to the beginning of the file
[out#0/mp4 @ 0000012d89a55d00] video:25KiB audio:84KiB subtitle:0KiB other streams:0KiB global headers:0KiB muxing overhead: 5.427179%
frame=  127 fps=0.0 q=-1.0 Lsize=     115KiB time=00:00:04.25 bitrate= 220.4kbits/s speed=16.4x    
[aac @ 0000012d89abd980] Qavg: 695.080
ffmpeg version 7.1-essentials_build-www.gyan.dev Copyright (c) 2000-2024 the FFmpeg developers
  built with gcc 14.2.0 (Rev1, Built by MSYS2 project)
  configuration: --enable-gpl --enable-version3 --enable-static --disable-w32threads --disable-autodetect --enable-fontconfig --enable-iconv --enable-gnutls --enable-libxml2 --enable-gmp --enable-bzlib --enable-lzma --enable-zlib --enable-libsrt --enable-libssh --enable-libzmq --enable-avisynth --enable-sdl2 --enable-libwebp --enable-libx264 --enable-libx265 --enable-libxvid --enable-libaom --enable-libopenjpeg --enable-libvpx --enable-mediafoundation --enable-libass --enable-libfreetype --enable-libfribidi --enable-libharfbuzz --enable-libvidstab --enable-libvmaf --enable-libzimg --enable-amf --enable-cuda-llvm --enable-cuvid --enable-dxva2 --enable-d3d11va --enable-d3d12va --enable-ffnvcodec --enable-libvpl --enable-nvdec --enable-nvenc --enable-vaapi --enable-libgme --enable-libopenmpt --enable-libopencore-amrwb --enable-libmp3lame --enable-libtheora --enable-libvo-amrwbenc --enable-libgsm --enable-libopencore-amrnb --enable-libopus --enable-libspeex --enable-libvorbis --enable-librubberband
  libavutil      59. 39.100 / 59. 39.100
  libavcodec     61. 19.100 / 61. 19.100
  libavformat    61.  7.100 / 61.  7.100
  libavdevice    61.  3.100 / 61.  3.100
  libavfilter    10.  4.100 / 10.  4.100
  libswscale      8.  3.100 /  8.  3.100
  libswresample   5.  3.100 /  5.  3.100
  libpostproc    58.  3.100 / 58.  3.100
[mov,mp4,m4a,3gp,3g2,mj2 @ 0000025085bc01c0] Auto-inserting h264_mp4toannexb bitstream filter
Input #0, concat, from 'C:\Users\Wendy\Documents\Football Channel\Video 024 - Brands and Labels Celebrating the 2026 FIFA World Cup Aerie,\final video\capcut export\concat_list.txt':
  Duration: N/A, start: -0.023220, bitrate: 203 kb/s
  Stream #0:0(und): Video: h264 (High) (avc1 / 0x31637661), yuv420p(progressive), 1080x1920 [SAR 1:1 DAR 9:16], 44 kb/s, 30 fps, 30 tbr, 15360 tbn
      Metadata:
        handler_name    : VideoHandler
        vendor_id       : [0][0][0][0]
        encoder         : Lavc61.19.100 libx264
  Stream #0:1(und): Audio: aac (LC) (mp4a / 0x6134706D), 44100 Hz, stereo, fltp, 159 kb/s
      Metadata:
        handler_name    : SoundHandler
        vendor_id       : [0][0][0][0]
Stream mapping:
  Stream #0:0 -> #0:0 (copy)
  Stream #0:1 -> #0:1 (copy)
Output #0, mp4, to 'C:\Users\Wendy\Documents\Football Channel\Video 024 - Brands and Labels Celebrating the 2026 FIFA World Cup Aerie,\final video\capcut export\brands-and-labels-celebrating-the-2026-fifa-world-cup-aerie-guinness.mp4':
  Metadata:
    encoder         : Lavf61.7.100
  Stream #0:0(und): Video: h264 (High) (avc1 / 0x31637661), yuv420p(progressive), 1080x1920 [SAR 1:1 DAR 9:16], q=2-31, 44 kb/s, 30 fps, 30 tbr, 15360 tbn
      Metadata:
        handler_name    : VideoHandler
        vendor_id       : [0][0][0][0]
        encoder         : Lavc61.19.100 libx264
  Stream #0:1(und): Audio: aac (LC) (mp4a / 0x6134706D), 44100 Hz, stereo, fltp, 159 kb/s
      Metadata:
        handler_name    : SoundHandler
        vendor_id       : [0][0][0][0]
Press [q] to stop, [?] for help
[mov,mp4,m4a,3gp,3g2,mj2 @ 0000025085bc01c0] Auto-inserting h264_mp4toannexb bitstream filter
[aost#0:1/copy @ 000002508622acc0] Non-monotonic DTS; previous: 417792, current: 417759; changing to 417793. This may result in incorrect timestamps in the output file.
[mov,mp4,m4a,3gp,3g2,mj2 @ 0000025085bc01c0] Auto-inserting h264_mp4toannexb bitstream filter
[aost#0:1/copy @ 000002508622acc0] Non-monotonic DTS; previous: 789471, current: 788684; changing to 789472. This may result in incorrect timestamps in the output file.
[mp4 @ 0000025085be5140] Starting second pass: moving the moov atom to the beginning of the file
[out#0/mp4 @ 0000025085be5040] video:117KiB audio:433KiB subtitle:0KiB other streams:0KiB global headers:0KiB muxing overhead: 4.515088%
frame=  659 fps=0.0 q=-1.0 Lsize=     575KiB time=00:00:22.09 bitrate= 213.1kbits/s speed= 585x    
