Generating ElevenLabs part 1/3 (169 chars)
Generating ElevenLabs part 2/3 (179 chars)
Generating ElevenLabs part 3/3 (108 chars)
Generated 3 parts
Final audio: C:\Users\Wendy\Documents\Football Channel\Video 019 - Why a World Cup is the biggest event on planet Earth\assets\voiceover\elevenlabs\voiceover_elevenlabs_full.mp3
{
  "kind": "youtube#thumbnailSetResponse",
  "etag": "yK7wxu07z-fYcMg4hci1Uz_qA5A",
  "items": [
    {
      "default": {
        "url": "https://i.ytimg.com/vi/r60snIB_KNA/default.jpg",
        "width": 120,
        "height": 90
      },
      "medium": {
        "url": "https://i.ytimg.com/vi/r60snIB_KNA/mqdefault.jpg",
        "width": 320,
        "height": 180
      },
      "high": {
        "url": "https://i.ytimg.com/vi/r60snIB_KNA/hqdefault.jpg",
        "width": 480,
        "height": 360
      }
    }
  ]
}
{
  "project": "C:\\Users\\Wendy\\Documents\\Football Channel\\Video 019 - Why a World Cup is the biggest event on planet Earth",
  "title": "Why a World Cup is the biggest event on planet Earth",
  "final_video": "C:\\Users\\Wendy\\Documents\\Football Channel\\Video 019 - Why a World Cup is the biggest event on planet Earth\\final video\\capcut export\\why-a-world-cup-is-the-biggest-event-on-planet-earth.mp4",
  "video_id": "r60snIB_KNA",
  "url": "",
  "thumbnail": "C:\\Users\\Wendy\\Documents\\Football Channel\\Video 019 - Why a World Cup is the biggest event on planet Earth\\assets\\thumbnail\\thumbnail_primary.png"
}
