Generating ElevenLabs part 1/3 (167 chars)
Generating ElevenLabs part 2/3 (179 chars)
Generating ElevenLabs part 3/3 (108 chars)
Generated 3 parts
Final audio: C:\Users\Wendy\Documents\Football Channel\Video 022 - Best Moments of 2026 FIFA World Cup™ Match Day One\assets\voiceover\elevenlabs\voiceover_elevenlabs_full.mp3
{
  "kind": "youtube#thumbnailSetResponse",
  "etag": "UcdxPbToGxaBrqaqcxGJw37U-K8",
  "items": [
    {
      "default": {
        "url": "https://i.ytimg.com/vi/SIiiOYAn63g/default.jpg",
        "width": 120,
        "height": 90
      },
      "medium": {
        "url": "https://i.ytimg.com/vi/SIiiOYAn63g/mqdefault.jpg",
        "width": 320,
        "height": 180
      },
      "high": {
        "url": "https://i.ytimg.com/vi/SIiiOYAn63g/hqdefault.jpg",
        "width": 480,
        "height": 360
      }
    }
  ]
}
{
  "project": "C:\\Users\\Wendy\\Documents\\Football Channel\\Video 022 - Best Moments of 2026 FIFA World Cup™ Match Day One",
  "title": "Best Moments of 2026 FIFA World Cup™ Match Day One",
  "final_video": "C:\\Users\\Wendy\\Documents\\Football Channel\\Video 022 - Best Moments of 2026 FIFA World Cup™ Match Day One\\final video\\capcut export\\best-moments-of-2026-fifa-world-cup-match-day-one.mp4",
  "video_id": "SIiiOYAn63g",
  "url": "",
  "thumbnail": "C:\\Users\\Wendy\\Documents\\Football Channel\\Video 022 - Best Moments of 2026 FIFA World Cup™ Match Day One\\assets\\thumbnail\\thumbnail_primary.png"
}
